TimeQuest Timing Analyzer report for contadorCrescente
Wed Jun 06 02:50:38 2018
Quartus II 64-Bit Version 13.0.0 Build 156 04/24/2013 SJ Web Edition


---------------------
; Table of Contents ;
---------------------
  1. Legal Notice
  2. TimeQuest Timing Analyzer Summary
  3. Parallel Compilation
  4. Clocks
  5. Slow Model Fmax Summary
  6. Slow Model Setup Summary
  7. Slow Model Hold Summary
  8. Slow Model Recovery Summary
  9. Slow Model Removal Summary
 10. Slow Model Minimum Pulse Width Summary
 11. Slow Model Setup: 'clock'
 12. Slow Model Hold: 'clock'
 13. Slow Model Recovery: 'clock'
 14. Slow Model Removal: 'clock'
 15. Slow Model Minimum Pulse Width: 'clock'
 16. Setup Times
 17. Hold Times
 18. Clock to Output Times
 19. Minimum Clock to Output Times
 20. Fast Model Setup Summary
 21. Fast Model Hold Summary
 22. Fast Model Recovery Summary
 23. Fast Model Removal Summary
 24. Fast Model Minimum Pulse Width Summary
 25. Fast Model Setup: 'clock'
 26. Fast Model Hold: 'clock'
 27. Fast Model Recovery: 'clock'
 28. Fast Model Removal: 'clock'
 29. Fast Model Minimum Pulse Width: 'clock'
 30. Setup Times
 31. Hold Times
 32. Clock to Output Times
 33. Minimum Clock to Output Times
 34. Multicorner Timing Analysis Summary
 35. Setup Times
 36. Hold Times
 37. Clock to Output Times
 38. Minimum Clock to Output Times
 39. Setup Transfers
 40. Hold Transfers
 41. Recovery Transfers
 42. Removal Transfers
 43. Report TCCS
 44. Report RSKM
 45. Unconstrained Paths
 46. TimeQuest Timing Analyzer Messages



----------------
; Legal Notice ;
----------------
Copyright (C) 1991-2013 Altera Corporation
Your use of Altera Corporation's design tools, logic functions 
and other software and tools, and its AMPP partner logic 
functions, and any output files from any of the foregoing 
(including device programming or simulation files), and any 
associated documentation or information are expressly subject 
to the terms and conditions of the Altera Program License 
Subscription Agreement, Altera MegaCore Function License 
Agreement, or other applicable license agreement, including, 
without limitation, that your use is for the sole purpose of 
programming logic devices manufactured by Altera and sold by 
Altera or its authorized distributors.  Please refer to the 
applicable agreement for further details.



+-------------------------------------------------------------------------+
; TimeQuest Timing Analyzer Summary                                       ;
+--------------------+----------------------------------------------------+
; Quartus II Version ; Version 13.0.0 Build 156 04/24/2013 SJ Web Edition ;
; Revision Name      ; contadorCrescente                                  ;
; Device Family      ; Cyclone II                                         ;
; Device Name        ; EP2C35F672C6                                       ;
; Timing Models      ; Final                                              ;
; Delay Model        ; Combined                                           ;
; Rise/Fall Delays   ; Unavailable                                        ;
+--------------------+----------------------------------------------------+


Parallel compilation was disabled, but you have multiple processors available. Enable parallel compilation to reduce compilation time.
+-------------------------------------+
; Parallel Compilation                ;
+----------------------------+--------+
; Processors                 ; Number ;
+----------------------------+--------+
; Number detected on machine ; 4      ;
; Maximum allowed            ; 1      ;
+----------------------------+--------+


+-----------------------------------------------------------------------------------------------------------------------------------------------------------------------------------+
; Clocks                                                                                                                                                                            ;
+------------+------+--------+------------+-------+-------+------------+-----------+-------------+-------+--------+-----------+------------+----------+--------+--------+-----------+
; Clock Name ; Type ; Period ; Frequency  ; Rise  ; Fall  ; Duty Cycle ; Divide by ; Multiply by ; Phase ; Offset ; Edge List ; Edge Shift ; Inverted ; Master ; Source ; Targets   ;
+------------+------+--------+------------+-------+-------+------------+-----------+-------------+-------+--------+-----------+------------+----------+--------+--------+-----------+
; clock      ; Base ; 1.000  ; 1000.0 MHz ; 0.000 ; 0.500 ;            ;           ;             ;       ;        ;           ;            ;          ;        ;        ; { clock } ;
+------------+------+--------+------------+-------+-------+------------+-----------+-------------+-------+--------+-----------+------------+----------+--------+--------+-----------+


+-----------------------------------------------------------------------------------------------------------+
; Slow Model Fmax Summary                                                                                   ;
+------------+-----------------+------------+---------------------------------------------------------------+
; Fmax       ; Restricted Fmax ; Clock Name ; Note                                                          ;
+------------+-----------------+------------+---------------------------------------------------------------+
; 595.59 MHz ; 420.17 MHz      ; clock      ; limit due to minimum period restriction (max I/O toggle rate) ;
+------------+-----------------+------------+---------------------------------------------------------------+
This panel reports FMAX for every clock in the design, regardless of the user-specified clock periods.  FMAX is only computed for paths where the source and destination registers or ports are driven by the same clock.  Paths of different clocks, including generated clocks, are ignored.  For paths between a clock and its inversion, FMAX is computed as if the rising and falling edges are scaled along with FMAX, such that the duty cycle (in terms of a percentage) is maintained. Altera recommends that you always use clock constraints and other slack reports for sign-off analysis.


+--------------------------------+
; Slow Model Setup Summary       ;
+-------+--------+---------------+
; Clock ; Slack  ; End Point TNS ;
+-------+--------+---------------+
; clock ; -0.679 ; -2.369        ;
+-------+--------+---------------+


+-------------------------------+
; Slow Model Hold Summary       ;
+-------+-------+---------------+
; Clock ; Slack ; End Point TNS ;
+-------+-------+---------------+
; clock ; 0.391 ; 0.000         ;
+-------+-------+---------------+


+--------------------------------+
; Slow Model Recovery Summary    ;
+-------+--------+---------------+
; Clock ; Slack  ; End Point TNS ;
+-------+--------+---------------+
; clock ; -1.346 ; -8.076        ;
+-------+--------+---------------+


+-------------------------------+
; Slow Model Removal Summary    ;
+-------+-------+---------------+
; Clock ; Slack ; End Point TNS ;
+-------+-------+---------------+
; clock ; 1.751 ; 0.000         ;
+-------+-------+---------------+


+----------------------------------------+
; Slow Model Minimum Pulse Width Summary ;
+-------+--------+-----------------------+
; Clock ; Slack  ; End Point TNS         ;
+-------+--------+-----------------------+
; clock ; -1.380 ; -7.380                ;
+-------+--------+-----------------------+


+----------------------------------------------------------------------------------------------------------+
; Slow Model Setup: 'clock'                                                                                ;
+--------+-------------+-------------+--------------+-------------+--------------+------------+------------+
; Slack  ; From Node   ; To Node     ; Launch Clock ; Latch Clock ; Relationship ; Clock Skew ; Data Delay ;
+--------+-------------+-------------+--------------+-------------+--------------+------------+------------+
; -0.679 ; contagem[0] ; contagem[5] ; clock        ; clock       ; 1.000        ; 0.000      ; 1.715      ;
; -0.631 ; contagem[1] ; contagem[5] ; clock        ; clock       ; 1.000        ; 0.000      ; 1.667      ;
; -0.615 ; contagem[2] ; contagem[5] ; clock        ; clock       ; 1.000        ; 0.000      ; 1.651      ;
; -0.608 ; contagem[0] ; contagem[4] ; clock        ; clock       ; 1.000        ; 0.000      ; 1.644      ;
; -0.560 ; contagem[1] ; contagem[4] ; clock        ; clock       ; 1.000        ; 0.000      ; 1.596      ;
; -0.544 ; contagem[2] ; contagem[4] ; clock        ; clock       ; 1.000        ; 0.000      ; 1.580      ;
; -0.537 ; contagem[0] ; contagem[3] ; clock        ; clock       ; 1.000        ; 0.000      ; 1.573      ;
; -0.517 ; contagem[3] ; contagem[5] ; clock        ; clock       ; 1.000        ; 0.000      ; 1.553      ;
; -0.489 ; contagem[1] ; contagem[3] ; clock        ; clock       ; 1.000        ; 0.000      ; 1.525      ;
; -0.473 ; contagem[2] ; contagem[3] ; clock        ; clock       ; 1.000        ; 0.000      ; 1.509      ;
; -0.466 ; contagem[0] ; contagem[2] ; clock        ; clock       ; 1.000        ; 0.000      ; 1.502      ;
; -0.446 ; contagem[3] ; contagem[4] ; clock        ; clock       ; 1.000        ; 0.000      ; 1.482      ;
; -0.438 ; contagem[4] ; contagem[5] ; clock        ; clock       ; 1.000        ; 0.000      ; 1.474      ;
; -0.418 ; contagem[1] ; contagem[2] ; clock        ; clock       ; 1.000        ; 0.000      ; 1.454      ;
; -0.087 ; contagem[2] ; contagem[2] ; clock        ; clock       ; 1.000        ; 0.000      ; 1.123      ;
; -0.079 ; contagem[0] ; contagem[1] ; clock        ; clock       ; 1.000        ; 0.000      ; 1.115      ;
; -0.063 ; contagem[3] ; contagem[3] ; clock        ; clock       ; 1.000        ; 0.000      ; 1.099      ;
; -0.055 ; contagem[4] ; contagem[4] ; clock        ; clock       ; 1.000        ; 0.000      ; 1.091      ;
; -0.035 ; contagem[1] ; contagem[1] ; clock        ; clock       ; 1.000        ; 0.000      ; 1.071      ;
; 0.209  ; contagem[5] ; contagem[5] ; clock        ; clock       ; 1.000        ; 0.000      ; 0.827      ;
; 0.379  ; contagem[0] ; contagem[0] ; clock        ; clock       ; 1.000        ; 0.000      ; 0.657      ;
+--------+-------------+-------------+--------------+-------------+--------------+------------+------------+


+---------------------------------------------------------------------------------------------------------+
; Slow Model Hold: 'clock'                                                                                ;
+-------+-------------+-------------+--------------+-------------+--------------+------------+------------+
; Slack ; From Node   ; To Node     ; Launch Clock ; Latch Clock ; Relationship ; Clock Skew ; Data Delay ;
+-------+-------------+-------------+--------------+-------------+--------------+------------+------------+
; 0.391 ; contagem[0] ; contagem[0] ; clock        ; clock       ; 0.000        ; 0.000      ; 0.657      ;
; 0.561 ; contagem[5] ; contagem[5] ; clock        ; clock       ; 0.000        ; 0.000      ; 0.827      ;
; 0.805 ; contagem[1] ; contagem[1] ; clock        ; clock       ; 0.000        ; 0.000      ; 1.071      ;
; 0.825 ; contagem[4] ; contagem[4] ; clock        ; clock       ; 0.000        ; 0.000      ; 1.091      ;
; 0.833 ; contagem[3] ; contagem[3] ; clock        ; clock       ; 0.000        ; 0.000      ; 1.099      ;
; 0.849 ; contagem[0] ; contagem[1] ; clock        ; clock       ; 0.000        ; 0.000      ; 1.115      ;
; 0.857 ; contagem[2] ; contagem[2] ; clock        ; clock       ; 0.000        ; 0.000      ; 1.123      ;
; 1.188 ; contagem[1] ; contagem[2] ; clock        ; clock       ; 0.000        ; 0.000      ; 1.454      ;
; 1.208 ; contagem[4] ; contagem[5] ; clock        ; clock       ; 0.000        ; 0.000      ; 1.474      ;
; 1.216 ; contagem[3] ; contagem[4] ; clock        ; clock       ; 0.000        ; 0.000      ; 1.482      ;
; 1.236 ; contagem[0] ; contagem[2] ; clock        ; clock       ; 0.000        ; 0.000      ; 1.502      ;
; 1.243 ; contagem[2] ; contagem[3] ; clock        ; clock       ; 0.000        ; 0.000      ; 1.509      ;
; 1.259 ; contagem[1] ; contagem[3] ; clock        ; clock       ; 0.000        ; 0.000      ; 1.525      ;
; 1.287 ; contagem[3] ; contagem[5] ; clock        ; clock       ; 0.000        ; 0.000      ; 1.553      ;
; 1.307 ; contagem[0] ; contagem[3] ; clock        ; clock       ; 0.000        ; 0.000      ; 1.573      ;
; 1.314 ; contagem[2] ; contagem[4] ; clock        ; clock       ; 0.000        ; 0.000      ; 1.580      ;
; 1.330 ; contagem[1] ; contagem[4] ; clock        ; clock       ; 0.000        ; 0.000      ; 1.596      ;
; 1.378 ; contagem[0] ; contagem[4] ; clock        ; clock       ; 0.000        ; 0.000      ; 1.644      ;
; 1.385 ; contagem[2] ; contagem[5] ; clock        ; clock       ; 0.000        ; 0.000      ; 1.651      ;
; 1.401 ; contagem[1] ; contagem[5] ; clock        ; clock       ; 0.000        ; 0.000      ; 1.667      ;
; 1.449 ; contagem[0] ; contagem[5] ; clock        ; clock       ; 0.000        ; 0.000      ; 1.715      ;
+-------+-------------+-------------+--------------+-------------+--------------+------------+------------+


+----------------------------------------------------------------------------------------------------------+
; Slow Model Recovery: 'clock'                                                                             ;
+--------+-------------+-------------+--------------+-------------+--------------+------------+------------+
; Slack  ; From Node   ; To Node     ; Launch Clock ; Latch Clock ; Relationship ; Clock Skew ; Data Delay ;
+--------+-------------+-------------+--------------+-------------+--------------+------------+------------+
; -1.346 ; contagem[0] ; contagem[2] ; clock        ; clock       ; 1.000        ; 0.000      ; 2.382      ;
; -1.346 ; contagem[0] ; contagem[3] ; clock        ; clock       ; 1.000        ; 0.000      ; 2.382      ;
; -1.346 ; contagem[0] ; contagem[4] ; clock        ; clock       ; 1.000        ; 0.000      ; 2.382      ;
; -1.346 ; contagem[0] ; contagem[5] ; clock        ; clock       ; 1.000        ; 0.000      ; 2.382      ;
; -1.346 ; contagem[0] ; contagem[0] ; clock        ; clock       ; 1.000        ; 0.000      ; 2.382      ;
; -1.346 ; contagem[0] ; contagem[1] ; clock        ; clock       ; 1.000        ; 0.000      ; 2.382      ;
; -1.291 ; contagem[1] ; contagem[2] ; clock        ; clock       ; 1.000        ; 0.000      ; 2.327      ;
; -1.291 ; contagem[1] ; contagem[3] ; clock        ; clock       ; 1.000        ; 0.000      ; 2.327      ;
; -1.291 ; contagem[1] ; contagem[4] ; clock        ; clock       ; 1.000        ; 0.000      ; 2.327      ;
; -1.291 ; contagem[1] ; contagem[5] ; clock        ; clock       ; 1.000        ; 0.000      ; 2.327      ;
; -1.291 ; contagem[1] ; contagem[0] ; clock        ; clock       ; 1.000        ; 0.000      ; 2.327      ;
; -1.291 ; contagem[1] ; contagem[1] ; clock        ; clock       ; 1.000        ; 0.000      ; 2.327      ;
; -1.218 ; contagem[2] ; contagem[2] ; clock        ; clock       ; 1.000        ; 0.000      ; 2.254      ;
; -1.218 ; contagem[2] ; contagem[3] ; clock        ; clock       ; 1.000        ; 0.000      ; 2.254      ;
; -1.218 ; contagem[2] ; contagem[4] ; clock        ; clock       ; 1.000        ; 0.000      ; 2.254      ;
; -1.218 ; contagem[2] ; contagem[5] ; clock        ; clock       ; 1.000        ; 0.000      ; 2.254      ;
; -1.218 ; contagem[2] ; contagem[0] ; clock        ; clock       ; 1.000        ; 0.000      ; 2.254      ;
; -1.218 ; contagem[2] ; contagem[1] ; clock        ; clock       ; 1.000        ; 0.000      ; 2.254      ;
; -1.094 ; contagem[3] ; contagem[2] ; clock        ; clock       ; 1.000        ; 0.000      ; 2.130      ;
; -1.094 ; contagem[3] ; contagem[3] ; clock        ; clock       ; 1.000        ; 0.000      ; 2.130      ;
; -1.094 ; contagem[3] ; contagem[4] ; clock        ; clock       ; 1.000        ; 0.000      ; 2.130      ;
; -1.094 ; contagem[3] ; contagem[5] ; clock        ; clock       ; 1.000        ; 0.000      ; 2.130      ;
; -1.094 ; contagem[3] ; contagem[0] ; clock        ; clock       ; 1.000        ; 0.000      ; 2.130      ;
; -1.094 ; contagem[3] ; contagem[1] ; clock        ; clock       ; 1.000        ; 0.000      ; 2.130      ;
; -1.019 ; contagem[4] ; contagem[2] ; clock        ; clock       ; 1.000        ; 0.000      ; 2.055      ;
; -1.019 ; contagem[4] ; contagem[3] ; clock        ; clock       ; 1.000        ; 0.000      ; 2.055      ;
; -1.019 ; contagem[4] ; contagem[4] ; clock        ; clock       ; 1.000        ; 0.000      ; 2.055      ;
; -1.019 ; contagem[4] ; contagem[5] ; clock        ; clock       ; 1.000        ; 0.000      ; 2.055      ;
; -1.019 ; contagem[4] ; contagem[0] ; clock        ; clock       ; 1.000        ; 0.000      ; 2.055      ;
; -1.019 ; contagem[4] ; contagem[1] ; clock        ; clock       ; 1.000        ; 0.000      ; 2.055      ;
; -0.981 ; contagem[5] ; contagem[2] ; clock        ; clock       ; 1.000        ; 0.000      ; 2.017      ;
; -0.981 ; contagem[5] ; contagem[3] ; clock        ; clock       ; 1.000        ; 0.000      ; 2.017      ;
; -0.981 ; contagem[5] ; contagem[4] ; clock        ; clock       ; 1.000        ; 0.000      ; 2.017      ;
; -0.981 ; contagem[5] ; contagem[5] ; clock        ; clock       ; 1.000        ; 0.000      ; 2.017      ;
; -0.981 ; contagem[5] ; contagem[0] ; clock        ; clock       ; 1.000        ; 0.000      ; 2.017      ;
; -0.981 ; contagem[5] ; contagem[1] ; clock        ; clock       ; 1.000        ; 0.000      ; 2.017      ;
+--------+-------------+-------------+--------------+-------------+--------------+------------+------------+


+---------------------------------------------------------------------------------------------------------+
; Slow Model Removal: 'clock'                                                                             ;
+-------+-------------+-------------+--------------+-------------+--------------+------------+------------+
; Slack ; From Node   ; To Node     ; Launch Clock ; Latch Clock ; Relationship ; Clock Skew ; Data Delay ;
+-------+-------------+-------------+--------------+-------------+--------------+------------+------------+
; 1.751 ; contagem[5] ; contagem[2] ; clock        ; clock       ; 0.000        ; 0.000      ; 2.017      ;
; 1.751 ; contagem[5] ; contagem[3] ; clock        ; clock       ; 0.000        ; 0.000      ; 2.017      ;
; 1.751 ; contagem[5] ; contagem[4] ; clock        ; clock       ; 0.000        ; 0.000      ; 2.017      ;
; 1.751 ; contagem[5] ; contagem[5] ; clock        ; clock       ; 0.000        ; 0.000      ; 2.017      ;
; 1.751 ; contagem[5] ; contagem[0] ; clock        ; clock       ; 0.000        ; 0.000      ; 2.017      ;
; 1.751 ; contagem[5] ; contagem[1] ; clock        ; clock       ; 0.000        ; 0.000      ; 2.017      ;
; 1.789 ; contagem[4] ; contagem[2] ; clock        ; clock       ; 0.000        ; 0.000      ; 2.055      ;
; 1.789 ; contagem[4] ; contagem[3] ; clock        ; clock       ; 0.000        ; 0.000      ; 2.055      ;
; 1.789 ; contagem[4] ; contagem[4] ; clock        ; clock       ; 0.000        ; 0.000      ; 2.055      ;
; 1.789 ; contagem[4] ; contagem[5] ; clock        ; clock       ; 0.000        ; 0.000      ; 2.055      ;
; 1.789 ; contagem[4] ; contagem[0] ; clock        ; clock       ; 0.000        ; 0.000      ; 2.055      ;
; 1.789 ; contagem[4] ; contagem[1] ; clock        ; clock       ; 0.000        ; 0.000      ; 2.055      ;
; 1.864 ; contagem[3] ; contagem[2] ; clock        ; clock       ; 0.000        ; 0.000      ; 2.130      ;
; 1.864 ; contagem[3] ; contagem[3] ; clock        ; clock       ; 0.000        ; 0.000      ; 2.130      ;
; 1.864 ; contagem[3] ; contagem[4] ; clock        ; clock       ; 0.000        ; 0.000      ; 2.130      ;
; 1.864 ; contagem[3] ; contagem[5] ; clock        ; clock       ; 0.000        ; 0.000      ; 2.130      ;
; 1.864 ; contagem[3] ; contagem[0] ; clock        ; clock       ; 0.000        ; 0.000      ; 2.130      ;
; 1.864 ; contagem[3] ; contagem[1] ; clock        ; clock       ; 0.000        ; 0.000      ; 2.130      ;
; 1.988 ; contagem[2] ; contagem[2] ; clock        ; clock       ; 0.000        ; 0.000      ; 2.254      ;
; 1.988 ; contagem[2] ; contagem[3] ; clock        ; clock       ; 0.000        ; 0.000      ; 2.254      ;
; 1.988 ; contagem[2] ; contagem[4] ; clock        ; clock       ; 0.000        ; 0.000      ; 2.254      ;
; 1.988 ; contagem[2] ; contagem[5] ; clock        ; clock       ; 0.000        ; 0.000      ; 2.254      ;
; 1.988 ; contagem[2] ; contagem[0] ; clock        ; clock       ; 0.000        ; 0.000      ; 2.254      ;
; 1.988 ; contagem[2] ; contagem[1] ; clock        ; clock       ; 0.000        ; 0.000      ; 2.254      ;
; 2.061 ; contagem[1] ; contagem[2] ; clock        ; clock       ; 0.000        ; 0.000      ; 2.327      ;
; 2.061 ; contagem[1] ; contagem[3] ; clock        ; clock       ; 0.000        ; 0.000      ; 2.327      ;
; 2.061 ; contagem[1] ; contagem[4] ; clock        ; clock       ; 0.000        ; 0.000      ; 2.327      ;
; 2.061 ; contagem[1] ; contagem[5] ; clock        ; clock       ; 0.000        ; 0.000      ; 2.327      ;
; 2.061 ; contagem[1] ; contagem[0] ; clock        ; clock       ; 0.000        ; 0.000      ; 2.327      ;
; 2.061 ; contagem[1] ; contagem[1] ; clock        ; clock       ; 0.000        ; 0.000      ; 2.327      ;
; 2.116 ; contagem[0] ; contagem[2] ; clock        ; clock       ; 0.000        ; 0.000      ; 2.382      ;
; 2.116 ; contagem[0] ; contagem[3] ; clock        ; clock       ; 0.000        ; 0.000      ; 2.382      ;
; 2.116 ; contagem[0] ; contagem[4] ; clock        ; clock       ; 0.000        ; 0.000      ; 2.382      ;
; 2.116 ; contagem[0] ; contagem[5] ; clock        ; clock       ; 0.000        ; 0.000      ; 2.382      ;
; 2.116 ; contagem[0] ; contagem[0] ; clock        ; clock       ; 0.000        ; 0.000      ; 2.382      ;
; 2.116 ; contagem[0] ; contagem[1] ; clock        ; clock       ; 0.000        ; 0.000      ; 2.382      ;
+-------+-------------+-------------+--------------+-------------+--------------+------------+------------+


+---------------------------------------------------------------------------------------------------------+
; Slow Model Minimum Pulse Width: 'clock'                                                                 ;
+--------+--------------+----------------+------------------+-------+------------+------------------------+
; Slack  ; Actual Width ; Required Width ; Type             ; Clock ; Clock Edge ; Target                 ;
+--------+--------------+----------------+------------------+-------+------------+------------------------+
; -1.380 ; 1.000        ; 2.380          ; Port Rate        ; clock ; Rise       ; clock                  ;
; -0.500 ; 0.500        ; 1.000          ; High Pulse Width ; clock ; Rise       ; contagem[0]            ;
; -0.500 ; 0.500        ; 1.000          ; Low Pulse Width  ; clock ; Rise       ; contagem[0]            ;
; -0.500 ; 0.500        ; 1.000          ; High Pulse Width ; clock ; Rise       ; contagem[1]            ;
; -0.500 ; 0.500        ; 1.000          ; Low Pulse Width  ; clock ; Rise       ; contagem[1]            ;
; -0.500 ; 0.500        ; 1.000          ; High Pulse Width ; clock ; Rise       ; contagem[2]            ;
; -0.500 ; 0.500        ; 1.000          ; Low Pulse Width  ; clock ; Rise       ; contagem[2]            ;
; -0.500 ; 0.500        ; 1.000          ; High Pulse Width ; clock ; Rise       ; contagem[3]            ;
; -0.500 ; 0.500        ; 1.000          ; Low Pulse Width  ; clock ; Rise       ; contagem[3]            ;
; -0.500 ; 0.500        ; 1.000          ; High Pulse Width ; clock ; Rise       ; contagem[4]            ;
; -0.500 ; 0.500        ; 1.000          ; Low Pulse Width  ; clock ; Rise       ; contagem[4]            ;
; -0.500 ; 0.500        ; 1.000          ; High Pulse Width ; clock ; Rise       ; contagem[5]            ;
; -0.500 ; 0.500        ; 1.000          ; Low Pulse Width  ; clock ; Rise       ; contagem[5]            ;
; 0.500  ; 0.500        ; 0.000          ; High Pulse Width ; clock ; Rise       ; clock|combout          ;
; 0.500  ; 0.500        ; 0.000          ; Low Pulse Width  ; clock ; Rise       ; clock|combout          ;
; 0.500  ; 0.500        ; 0.000          ; High Pulse Width ; clock ; Rise       ; clock~clkctrl|inclk[0] ;
; 0.500  ; 0.500        ; 0.000          ; Low Pulse Width  ; clock ; Rise       ; clock~clkctrl|inclk[0] ;
; 0.500  ; 0.500        ; 0.000          ; High Pulse Width ; clock ; Rise       ; clock~clkctrl|outclk   ;
; 0.500  ; 0.500        ; 0.000          ; Low Pulse Width  ; clock ; Rise       ; clock~clkctrl|outclk   ;
; 0.500  ; 0.500        ; 0.000          ; High Pulse Width ; clock ; Rise       ; contagem[0]|clk        ;
; 0.500  ; 0.500        ; 0.000          ; Low Pulse Width  ; clock ; Rise       ; contagem[0]|clk        ;
; 0.500  ; 0.500        ; 0.000          ; High Pulse Width ; clock ; Rise       ; contagem[1]|clk        ;
; 0.500  ; 0.500        ; 0.000          ; Low Pulse Width  ; clock ; Rise       ; contagem[1]|clk        ;
; 0.500  ; 0.500        ; 0.000          ; High Pulse Width ; clock ; Rise       ; contagem[2]|clk        ;
; 0.500  ; 0.500        ; 0.000          ; Low Pulse Width  ; clock ; Rise       ; contagem[2]|clk        ;
; 0.500  ; 0.500        ; 0.000          ; High Pulse Width ; clock ; Rise       ; contagem[3]|clk        ;
; 0.500  ; 0.500        ; 0.000          ; Low Pulse Width  ; clock ; Rise       ; contagem[3]|clk        ;
; 0.500  ; 0.500        ; 0.000          ; High Pulse Width ; clock ; Rise       ; contagem[4]|clk        ;
; 0.500  ; 0.500        ; 0.000          ; Low Pulse Width  ; clock ; Rise       ; contagem[4]|clk        ;
; 0.500  ; 0.500        ; 0.000          ; High Pulse Width ; clock ; Rise       ; contagem[5]|clk        ;
; 0.500  ; 0.500        ; 0.000          ; Low Pulse Width  ; clock ; Rise       ; contagem[5]|clk        ;
+--------+--------------+----------------+------------------+-------+------------+------------------------+


+-------------------------------------------------------------------------+
; Setup Times                                                             ;
+-----------+------------+--------+--------+------------+-----------------+
; Data Port ; Clock Port ; Rise   ; Fall   ; Clock Edge ; Clock Reference ;
+-----------+------------+--------+--------+------------+-----------------+
; enable    ; clock      ; -0.473 ; -0.473 ; Rise       ; clock           ;
+-----------+------------+--------+--------+------------+-----------------+


+-----------------------------------------------------------------------+
; Hold Times                                                            ;
+-----------+------------+-------+-------+------------+-----------------+
; Data Port ; Clock Port ; Rise  ; Fall  ; Clock Edge ; Clock Reference ;
+-----------+------------+-------+-------+------------+-----------------+
; enable    ; clock      ; 1.112 ; 1.112 ; Rise       ; clock           ;
+-----------+------------+-------+-------+------------+-----------------+


+---------------------------------------------------------------------------+
; Clock to Output Times                                                     ;
+-------------+------------+--------+--------+------------+-----------------+
; Data Port   ; Clock Port ; Rise   ; Fall   ; Clock Edge ; Clock Reference ;
+-------------+------------+--------+--------+------------+-----------------+
; dezena[*]   ; clock      ; 12.736 ; 12.736 ; Rise       ; clock           ;
;  dezena[0]  ; clock      ; 12.736 ; 12.736 ; Rise       ; clock           ;
;  dezena[1]  ; clock      ; 10.653 ; 10.653 ; Rise       ; clock           ;
;  dezena[2]  ; clock      ; 8.341  ; 8.341  ; Rise       ; clock           ;
; q[*]        ; clock      ; 6.644  ; 6.644  ; Rise       ; clock           ;
;  q[0]       ; clock      ; 6.618  ; 6.618  ; Rise       ; clock           ;
;  q[1]       ; clock      ; 6.639  ; 6.639  ; Rise       ; clock           ;
;  q[2]       ; clock      ; 6.644  ; 6.644  ; Rise       ; clock           ;
;  q[3]       ; clock      ; 6.635  ; 6.635  ; Rise       ; clock           ;
;  q[4]       ; clock      ; 6.576  ; 6.576  ; Rise       ; clock           ;
;  q[5]       ; clock      ; 6.642  ; 6.642  ; Rise       ; clock           ;
; unidade[*]  ; clock      ; 13.073 ; 13.073 ; Rise       ; clock           ;
;  unidade[0] ; clock      ; 6.608  ; 6.608  ; Rise       ; clock           ;
;  unidade[1] ; clock      ; 12.900 ; 12.900 ; Rise       ; clock           ;
;  unidade[2] ; clock      ; 13.073 ; 13.073 ; Rise       ; clock           ;
;  unidade[3] ; clock      ; 12.917 ; 12.917 ; Rise       ; clock           ;
+-------------+------------+--------+--------+------------+-----------------+


+-------------------------------------------------------------------------+
; Minimum Clock to Output Times                                           ;
+-------------+------------+-------+-------+------------+-----------------+
; Data Port   ; Clock Port ; Rise  ; Fall  ; Clock Edge ; Clock Reference ;
+-------------+------------+-------+-------+------------+-----------------+
; dezena[*]   ; clock      ; 8.214 ; 8.214 ; Rise       ; clock           ;
;  dezena[0]  ; clock      ; 8.443 ; 8.443 ; Rise       ; clock           ;
;  dezena[1]  ; clock      ; 8.260 ; 8.260 ; Rise       ; clock           ;
;  dezena[2]  ; clock      ; 8.214 ; 8.214 ; Rise       ; clock           ;
; q[*]        ; clock      ; 6.576 ; 6.576 ; Rise       ; clock           ;
;  q[0]       ; clock      ; 6.618 ; 6.618 ; Rise       ; clock           ;
;  q[1]       ; clock      ; 6.639 ; 6.639 ; Rise       ; clock           ;
;  q[2]       ; clock      ; 6.644 ; 6.644 ; Rise       ; clock           ;
;  q[3]       ; clock      ; 6.635 ; 6.635 ; Rise       ; clock           ;
;  q[4]       ; clock      ; 6.576 ; 6.576 ; Rise       ; clock           ;
;  q[5]       ; clock      ; 6.642 ; 6.642 ; Rise       ; clock           ;
; unidade[*]  ; clock      ; 6.608 ; 6.608 ; Rise       ; clock           ;
;  unidade[0] ; clock      ; 6.608 ; 6.608 ; Rise       ; clock           ;
;  unidade[1] ; clock      ; 7.508 ; 7.508 ; Rise       ; clock           ;
;  unidade[2] ; clock      ; 7.966 ; 7.966 ; Rise       ; clock           ;
;  unidade[3] ; clock      ; 8.172 ; 8.172 ; Rise       ; clock           ;
+-------------+------------+-------+-------+------------+-----------------+


+-------------------------------+
; Fast Model Setup Summary      ;
+-------+-------+---------------+
; Clock ; Slack ; End Point TNS ;
+-------+-------+---------------+
; clock ; 0.256 ; 0.000         ;
+-------+-------+---------------+


+-------------------------------+
; Fast Model Hold Summary       ;
+-------+-------+---------------+
; Clock ; Slack ; End Point TNS ;
+-------+-------+---------------+
; clock ; 0.215 ; 0.000         ;
+-------+-------+---------------+


+--------------------------------+
; Fast Model Recovery Summary    ;
+-------+--------+---------------+
; Clock ; Slack  ; End Point TNS ;
+-------+--------+---------------+
; clock ; -0.178 ; -1.068        ;
+-------+--------+---------------+


+-------------------------------+
; Fast Model Removal Summary    ;
+-------+-------+---------------+
; Clock ; Slack ; End Point TNS ;
+-------+-------+---------------+
; clock ; 0.895 ; 0.000         ;
+-------+-------+---------------+


+----------------------------------------+
; Fast Model Minimum Pulse Width Summary ;
+-------+--------+-----------------------+
; Clock ; Slack  ; End Point TNS         ;
+-------+--------+-----------------------+
; clock ; -1.380 ; -7.380                ;
+-------+--------+-----------------------+


+---------------------------------------------------------------------------------------------------------+
; Fast Model Setup: 'clock'                                                                               ;
+-------+-------------+-------------+--------------+-------------+--------------+------------+------------+
; Slack ; From Node   ; To Node     ; Launch Clock ; Latch Clock ; Relationship ; Clock Skew ; Data Delay ;
+-------+-------------+-------------+--------------+-------------+--------------+------------+------------+
; 0.256 ; contagem[0] ; contagem[5] ; clock        ; clock       ; 1.000        ; 0.000      ; 0.776      ;
; 0.277 ; contagem[1] ; contagem[5] ; clock        ; clock       ; 1.000        ; 0.000      ; 0.755      ;
; 0.289 ; contagem[2] ; contagem[5] ; clock        ; clock       ; 1.000        ; 0.000      ; 0.743      ;
; 0.291 ; contagem[0] ; contagem[4] ; clock        ; clock       ; 1.000        ; 0.000      ; 0.741      ;
; 0.312 ; contagem[1] ; contagem[4] ; clock        ; clock       ; 1.000        ; 0.000      ; 0.720      ;
; 0.324 ; contagem[2] ; contagem[4] ; clock        ; clock       ; 1.000        ; 0.000      ; 0.708      ;
; 0.326 ; contagem[0] ; contagem[3] ; clock        ; clock       ; 1.000        ; 0.000      ; 0.706      ;
; 0.332 ; contagem[3] ; contagem[5] ; clock        ; clock       ; 1.000        ; 0.000      ; 0.700      ;
; 0.347 ; contagem[1] ; contagem[3] ; clock        ; clock       ; 1.000        ; 0.000      ; 0.685      ;
; 0.359 ; contagem[2] ; contagem[3] ; clock        ; clock       ; 1.000        ; 0.000      ; 0.673      ;
; 0.361 ; contagem[0] ; contagem[2] ; clock        ; clock       ; 1.000        ; 0.000      ; 0.671      ;
; 0.367 ; contagem[3] ; contagem[4] ; clock        ; clock       ; 1.000        ; 0.000      ; 0.665      ;
; 0.371 ; contagem[4] ; contagem[5] ; clock        ; clock       ; 1.000        ; 0.000      ; 0.661      ;
; 0.382 ; contagem[1] ; contagem[2] ; clock        ; clock       ; 1.000        ; 0.000      ; 0.650      ;
; 0.499 ; contagem[2] ; contagem[2] ; clock        ; clock       ; 1.000        ; 0.000      ; 0.533      ;
; 0.501 ; contagem[0] ; contagem[1] ; clock        ; clock       ; 1.000        ; 0.000      ; 0.531      ;
; 0.505 ; contagem[3] ; contagem[3] ; clock        ; clock       ; 1.000        ; 0.000      ; 0.527      ;
; 0.509 ; contagem[4] ; contagem[4] ; clock        ; clock       ; 1.000        ; 0.000      ; 0.523      ;
; 0.517 ; contagem[1] ; contagem[1] ; clock        ; clock       ; 1.000        ; 0.000      ; 0.515      ;
; 0.621 ; contagem[5] ; contagem[5] ; clock        ; clock       ; 1.000        ; 0.000      ; 0.411      ;
; 0.665 ; contagem[0] ; contagem[0] ; clock        ; clock       ; 1.000        ; 0.000      ; 0.367      ;
+-------+-------------+-------------+--------------+-------------+--------------+------------+------------+


+---------------------------------------------------------------------------------------------------------+
; Fast Model Hold: 'clock'                                                                                ;
+-------+-------------+-------------+--------------+-------------+--------------+------------+------------+
; Slack ; From Node   ; To Node     ; Launch Clock ; Latch Clock ; Relationship ; Clock Skew ; Data Delay ;
+-------+-------------+-------------+--------------+-------------+--------------+------------+------------+
; 0.215 ; contagem[0] ; contagem[0] ; clock        ; clock       ; 0.000        ; 0.000      ; 0.367      ;
; 0.259 ; contagem[5] ; contagem[5] ; clock        ; clock       ; 0.000        ; 0.000      ; 0.411      ;
; 0.363 ; contagem[1] ; contagem[1] ; clock        ; clock       ; 0.000        ; 0.000      ; 0.515      ;
; 0.371 ; contagem[4] ; contagem[4] ; clock        ; clock       ; 0.000        ; 0.000      ; 0.523      ;
; 0.375 ; contagem[3] ; contagem[3] ; clock        ; clock       ; 0.000        ; 0.000      ; 0.527      ;
; 0.379 ; contagem[0] ; contagem[1] ; clock        ; clock       ; 0.000        ; 0.000      ; 0.531      ;
; 0.381 ; contagem[2] ; contagem[2] ; clock        ; clock       ; 0.000        ; 0.000      ; 0.533      ;
; 0.498 ; contagem[1] ; contagem[2] ; clock        ; clock       ; 0.000        ; 0.000      ; 0.650      ;
; 0.509 ; contagem[4] ; contagem[5] ; clock        ; clock       ; 0.000        ; 0.000      ; 0.661      ;
; 0.513 ; contagem[3] ; contagem[4] ; clock        ; clock       ; 0.000        ; 0.000      ; 0.665      ;
; 0.519 ; contagem[0] ; contagem[2] ; clock        ; clock       ; 0.000        ; 0.000      ; 0.671      ;
; 0.521 ; contagem[2] ; contagem[3] ; clock        ; clock       ; 0.000        ; 0.000      ; 0.673      ;
; 0.533 ; contagem[1] ; contagem[3] ; clock        ; clock       ; 0.000        ; 0.000      ; 0.685      ;
; 0.548 ; contagem[3] ; contagem[5] ; clock        ; clock       ; 0.000        ; 0.000      ; 0.700      ;
; 0.554 ; contagem[0] ; contagem[3] ; clock        ; clock       ; 0.000        ; 0.000      ; 0.706      ;
; 0.556 ; contagem[2] ; contagem[4] ; clock        ; clock       ; 0.000        ; 0.000      ; 0.708      ;
; 0.568 ; contagem[1] ; contagem[4] ; clock        ; clock       ; 0.000        ; 0.000      ; 0.720      ;
; 0.589 ; contagem[0] ; contagem[4] ; clock        ; clock       ; 0.000        ; 0.000      ; 0.741      ;
; 0.591 ; contagem[2] ; contagem[5] ; clock        ; clock       ; 0.000        ; 0.000      ; 0.743      ;
; 0.603 ; contagem[1] ; contagem[5] ; clock        ; clock       ; 0.000        ; 0.000      ; 0.755      ;
; 0.624 ; contagem[0] ; contagem[5] ; clock        ; clock       ; 0.000        ; 0.000      ; 0.776      ;
+-------+-------------+-------------+--------------+-------------+--------------+------------+------------+


+----------------------------------------------------------------------------------------------------------+
; Fast Model Recovery: 'clock'                                                                             ;
+--------+-------------+-------------+--------------+-------------+--------------+------------+------------+
; Slack  ; From Node   ; To Node     ; Launch Clock ; Latch Clock ; Relationship ; Clock Skew ; Data Delay ;
+--------+-------------+-------------+--------------+-------------+--------------+------------+------------+
; -0.178 ; contagem[0] ; contagem[2] ; clock        ; clock       ; 1.000        ; 0.000      ; 1.210      ;
; -0.178 ; contagem[0] ; contagem[3] ; clock        ; clock       ; 1.000        ; 0.000      ; 1.210      ;
; -0.178 ; contagem[0] ; contagem[4] ; clock        ; clock       ; 1.000        ; 0.000      ; 1.210      ;
; -0.178 ; contagem[0] ; contagem[5] ; clock        ; clock       ; 1.000        ; 0.000      ; 1.210      ;
; -0.178 ; contagem[0] ; contagem[0] ; clock        ; clock       ; 1.000        ; 0.000      ; 1.210      ;
; -0.178 ; contagem[0] ; contagem[1] ; clock        ; clock       ; 1.000        ; 0.000      ; 1.210      ;
; -0.157 ; contagem[1] ; contagem[2] ; clock        ; clock       ; 1.000        ; 0.000      ; 1.189      ;
; -0.157 ; contagem[1] ; contagem[3] ; clock        ; clock       ; 1.000        ; 0.000      ; 1.189      ;
; -0.157 ; contagem[1] ; contagem[4] ; clock        ; clock       ; 1.000        ; 0.000      ; 1.189      ;
; -0.157 ; contagem[1] ; contagem[5] ; clock        ; clock       ; 1.000        ; 0.000      ; 1.189      ;
; -0.157 ; contagem[1] ; contagem[0] ; clock        ; clock       ; 1.000        ; 0.000      ; 1.189      ;
; -0.157 ; contagem[1] ; contagem[1] ; clock        ; clock       ; 1.000        ; 0.000      ; 1.189      ;
; -0.127 ; contagem[2] ; contagem[2] ; clock        ; clock       ; 1.000        ; 0.000      ; 1.159      ;
; -0.127 ; contagem[2] ; contagem[3] ; clock        ; clock       ; 1.000        ; 0.000      ; 1.159      ;
; -0.127 ; contagem[2] ; contagem[4] ; clock        ; clock       ; 1.000        ; 0.000      ; 1.159      ;
; -0.127 ; contagem[2] ; contagem[5] ; clock        ; clock       ; 1.000        ; 0.000      ; 1.159      ;
; -0.127 ; contagem[2] ; contagem[0] ; clock        ; clock       ; 1.000        ; 0.000      ; 1.159      ;
; -0.127 ; contagem[2] ; contagem[1] ; clock        ; clock       ; 1.000        ; 0.000      ; 1.159      ;
; -0.055 ; contagem[3] ; contagem[2] ; clock        ; clock       ; 1.000        ; 0.000      ; 1.087      ;
; -0.055 ; contagem[3] ; contagem[3] ; clock        ; clock       ; 1.000        ; 0.000      ; 1.087      ;
; -0.055 ; contagem[3] ; contagem[4] ; clock        ; clock       ; 1.000        ; 0.000      ; 1.087      ;
; -0.055 ; contagem[3] ; contagem[5] ; clock        ; clock       ; 1.000        ; 0.000      ; 1.087      ;
; -0.055 ; contagem[3] ; contagem[0] ; clock        ; clock       ; 1.000        ; 0.000      ; 1.087      ;
; -0.055 ; contagem[3] ; contagem[1] ; clock        ; clock       ; 1.000        ; 0.000      ; 1.087      ;
; -0.027 ; contagem[4] ; contagem[2] ; clock        ; clock       ; 1.000        ; 0.000      ; 1.059      ;
; -0.027 ; contagem[4] ; contagem[3] ; clock        ; clock       ; 1.000        ; 0.000      ; 1.059      ;
; -0.027 ; contagem[4] ; contagem[4] ; clock        ; clock       ; 1.000        ; 0.000      ; 1.059      ;
; -0.027 ; contagem[4] ; contagem[5] ; clock        ; clock       ; 1.000        ; 0.000      ; 1.059      ;
; -0.027 ; contagem[4] ; contagem[0] ; clock        ; clock       ; 1.000        ; 0.000      ; 1.059      ;
; -0.027 ; contagem[4] ; contagem[1] ; clock        ; clock       ; 1.000        ; 0.000      ; 1.059      ;
; -0.015 ; contagem[5] ; contagem[2] ; clock        ; clock       ; 1.000        ; 0.000      ; 1.047      ;
; -0.015 ; contagem[5] ; contagem[3] ; clock        ; clock       ; 1.000        ; 0.000      ; 1.047      ;
; -0.015 ; contagem[5] ; contagem[4] ; clock        ; clock       ; 1.000        ; 0.000      ; 1.047      ;
; -0.015 ; contagem[5] ; contagem[5] ; clock        ; clock       ; 1.000        ; 0.000      ; 1.047      ;
; -0.015 ; contagem[5] ; contagem[0] ; clock        ; clock       ; 1.000        ; 0.000      ; 1.047      ;
; -0.015 ; contagem[5] ; contagem[1] ; clock        ; clock       ; 1.000        ; 0.000      ; 1.047      ;
+--------+-------------+-------------+--------------+-------------+--------------+------------+------------+


+---------------------------------------------------------------------------------------------------------+
; Fast Model Removal: 'clock'                                                                             ;
+-------+-------------+-------------+--------------+-------------+--------------+------------+------------+
; Slack ; From Node   ; To Node     ; Launch Clock ; Latch Clock ; Relationship ; Clock Skew ; Data Delay ;
+-------+-------------+-------------+--------------+-------------+--------------+------------+------------+
; 0.895 ; contagem[5] ; contagem[2] ; clock        ; clock       ; 0.000        ; 0.000      ; 1.047      ;
; 0.895 ; contagem[5] ; contagem[3] ; clock        ; clock       ; 0.000        ; 0.000      ; 1.047      ;
; 0.895 ; contagem[5] ; contagem[4] ; clock        ; clock       ; 0.000        ; 0.000      ; 1.047      ;
; 0.895 ; contagem[5] ; contagem[5] ; clock        ; clock       ; 0.000        ; 0.000      ; 1.047      ;
; 0.895 ; contagem[5] ; contagem[0] ; clock        ; clock       ; 0.000        ; 0.000      ; 1.047      ;
; 0.895 ; contagem[5] ; contagem[1] ; clock        ; clock       ; 0.000        ; 0.000      ; 1.047      ;
; 0.907 ; contagem[4] ; contagem[2] ; clock        ; clock       ; 0.000        ; 0.000      ; 1.059      ;
; 0.907 ; contagem[4] ; contagem[3] ; clock        ; clock       ; 0.000        ; 0.000      ; 1.059      ;
; 0.907 ; contagem[4] ; contagem[4] ; clock        ; clock       ; 0.000        ; 0.000      ; 1.059      ;
; 0.907 ; contagem[4] ; contagem[5] ; clock        ; clock       ; 0.000        ; 0.000      ; 1.059      ;
; 0.907 ; contagem[4] ; contagem[0] ; clock        ; clock       ; 0.000        ; 0.000      ; 1.059      ;
; 0.907 ; contagem[4] ; contagem[1] ; clock        ; clock       ; 0.000        ; 0.000      ; 1.059      ;
; 0.935 ; contagem[3] ; contagem[2] ; clock        ; clock       ; 0.000        ; 0.000      ; 1.087      ;
; 0.935 ; contagem[3] ; contagem[3] ; clock        ; clock       ; 0.000        ; 0.000      ; 1.087      ;
; 0.935 ; contagem[3] ; contagem[4] ; clock        ; clock       ; 0.000        ; 0.000      ; 1.087      ;
; 0.935 ; contagem[3] ; contagem[5] ; clock        ; clock       ; 0.000        ; 0.000      ; 1.087      ;
; 0.935 ; contagem[3] ; contagem[0] ; clock        ; clock       ; 0.000        ; 0.000      ; 1.087      ;
; 0.935 ; contagem[3] ; contagem[1] ; clock        ; clock       ; 0.000        ; 0.000      ; 1.087      ;
; 1.007 ; contagem[2] ; contagem[2] ; clock        ; clock       ; 0.000        ; 0.000      ; 1.159      ;
; 1.007 ; contagem[2] ; contagem[3] ; clock        ; clock       ; 0.000        ; 0.000      ; 1.159      ;
; 1.007 ; contagem[2] ; contagem[4] ; clock        ; clock       ; 0.000        ; 0.000      ; 1.159      ;
; 1.007 ; contagem[2] ; contagem[5] ; clock        ; clock       ; 0.000        ; 0.000      ; 1.159      ;
; 1.007 ; contagem[2] ; contagem[0] ; clock        ; clock       ; 0.000        ; 0.000      ; 1.159      ;
; 1.007 ; contagem[2] ; contagem[1] ; clock        ; clock       ; 0.000        ; 0.000      ; 1.159      ;
; 1.037 ; contagem[1] ; contagem[2] ; clock        ; clock       ; 0.000        ; 0.000      ; 1.189      ;
; 1.037 ; contagem[1] ; contagem[3] ; clock        ; clock       ; 0.000        ; 0.000      ; 1.189      ;
; 1.037 ; contagem[1] ; contagem[4] ; clock        ; clock       ; 0.000        ; 0.000      ; 1.189      ;
; 1.037 ; contagem[1] ; contagem[5] ; clock        ; clock       ; 0.000        ; 0.000      ; 1.189      ;
; 1.037 ; contagem[1] ; contagem[0] ; clock        ; clock       ; 0.000        ; 0.000      ; 1.189      ;
; 1.037 ; contagem[1] ; contagem[1] ; clock        ; clock       ; 0.000        ; 0.000      ; 1.189      ;
; 1.058 ; contagem[0] ; contagem[2] ; clock        ; clock       ; 0.000        ; 0.000      ; 1.210      ;
; 1.058 ; contagem[0] ; contagem[3] ; clock        ; clock       ; 0.000        ; 0.000      ; 1.210      ;
; 1.058 ; contagem[0] ; contagem[4] ; clock        ; clock       ; 0.000        ; 0.000      ; 1.210      ;
; 1.058 ; contagem[0] ; contagem[5] ; clock        ; clock       ; 0.000        ; 0.000      ; 1.210      ;
; 1.058 ; contagem[0] ; contagem[0] ; clock        ; clock       ; 0.000        ; 0.000      ; 1.210      ;
; 1.058 ; contagem[0] ; contagem[1] ; clock        ; clock       ; 0.000        ; 0.000      ; 1.210      ;
+-------+-------------+-------------+--------------+-------------+--------------+------------+------------+


+---------------------------------------------------------------------------------------------------------+
; Fast Model Minimum Pulse Width: 'clock'                                                                 ;
+--------+--------------+----------------+------------------+-------+------------+------------------------+
; Slack  ; Actual Width ; Required Width ; Type             ; Clock ; Clock Edge ; Target                 ;
+--------+--------------+----------------+------------------+-------+------------+------------------------+
; -1.380 ; 1.000        ; 2.380          ; Port Rate        ; clock ; Rise       ; clock                  ;
; -0.500 ; 0.500        ; 1.000          ; High Pulse Width ; clock ; Rise       ; contagem[0]            ;
; -0.500 ; 0.500        ; 1.000          ; Low Pulse Width  ; clock ; Rise       ; contagem[0]            ;
; -0.500 ; 0.500        ; 1.000          ; High Pulse Width ; clock ; Rise       ; contagem[1]            ;
; -0.500 ; 0.500        ; 1.000          ; Low Pulse Width  ; clock ; Rise       ; contagem[1]            ;
; -0.500 ; 0.500        ; 1.000          ; High Pulse Width ; clock ; Rise       ; contagem[2]            ;
; -0.500 ; 0.500        ; 1.000          ; Low Pulse Width  ; clock ; Rise       ; contagem[2]            ;
; -0.500 ; 0.500        ; 1.000          ; High Pulse Width ; clock ; Rise       ; contagem[3]            ;
; -0.500 ; 0.500        ; 1.000          ; Low Pulse Width  ; clock ; Rise       ; contagem[3]            ;
; -0.500 ; 0.500        ; 1.000          ; High Pulse Width ; clock ; Rise       ; contagem[4]            ;
; -0.500 ; 0.500        ; 1.000          ; Low Pulse Width  ; clock ; Rise       ; contagem[4]            ;
; -0.500 ; 0.500        ; 1.000          ; High Pulse Width ; clock ; Rise       ; contagem[5]            ;
; -0.500 ; 0.500        ; 1.000          ; Low Pulse Width  ; clock ; Rise       ; contagem[5]            ;
; 0.500  ; 0.500        ; 0.000          ; High Pulse Width ; clock ; Rise       ; clock|combout          ;
; 0.500  ; 0.500        ; 0.000          ; Low Pulse Width  ; clock ; Rise       ; clock|combout          ;
; 0.500  ; 0.500        ; 0.000          ; High Pulse Width ; clock ; Rise       ; clock~clkctrl|inclk[0] ;
; 0.500  ; 0.500        ; 0.000          ; Low Pulse Width  ; clock ; Rise       ; clock~clkctrl|inclk[0] ;
; 0.500  ; 0.500        ; 0.000          ; High Pulse Width ; clock ; Rise       ; clock~clkctrl|outclk   ;
; 0.500  ; 0.500        ; 0.000          ; Low Pulse Width  ; clock ; Rise       ; clock~clkctrl|outclk   ;
; 0.500  ; 0.500        ; 0.000          ; High Pulse Width ; clock ; Rise       ; contagem[0]|clk        ;
; 0.500  ; 0.500        ; 0.000          ; Low Pulse Width  ; clock ; Rise       ; contagem[0]|clk        ;
; 0.500  ; 0.500        ; 0.000          ; High Pulse Width ; clock ; Rise       ; contagem[1]|clk        ;
; 0.500  ; 0.500        ; 0.000          ; Low Pulse Width  ; clock ; Rise       ; contagem[1]|clk        ;
; 0.500  ; 0.500        ; 0.000          ; High Pulse Width ; clock ; Rise       ; contagem[2]|clk        ;
; 0.500  ; 0.500        ; 0.000          ; Low Pulse Width  ; clock ; Rise       ; contagem[2]|clk        ;
; 0.500  ; 0.500        ; 0.000          ; High Pulse Width ; clock ; Rise       ; contagem[3]|clk        ;
; 0.500  ; 0.500        ; 0.000          ; Low Pulse Width  ; clock ; Rise       ; contagem[3]|clk        ;
; 0.500  ; 0.500        ; 0.000          ; High Pulse Width ; clock ; Rise       ; contagem[4]|clk        ;
; 0.500  ; 0.500        ; 0.000          ; Low Pulse Width  ; clock ; Rise       ; contagem[4]|clk        ;
; 0.500  ; 0.500        ; 0.000          ; High Pulse Width ; clock ; Rise       ; contagem[5]|clk        ;
; 0.500  ; 0.500        ; 0.000          ; Low Pulse Width  ; clock ; Rise       ; contagem[5]|clk        ;
+--------+--------------+----------------+------------------+-------+------------+------------------------+


+-------------------------------------------------------------------------+
; Setup Times                                                             ;
+-----------+------------+--------+--------+------------+-----------------+
; Data Port ; Clock Port ; Rise   ; Fall   ; Clock Edge ; Clock Reference ;
+-----------+------------+--------+--------+------------+-----------------+
; enable    ; clock      ; -0.495 ; -0.495 ; Rise       ; clock           ;
+-----------+------------+--------+--------+------------+-----------------+


+-----------------------------------------------------------------------+
; Hold Times                                                            ;
+-----------+------------+-------+-------+------------+-----------------+
; Data Port ; Clock Port ; Rise  ; Fall  ; Clock Edge ; Clock Reference ;
+-----------+------------+-------+-------+------------+-----------------+
; enable    ; clock      ; 0.883 ; 0.883 ; Rise       ; clock           ;
+-----------+------------+-------+-------+------------+-----------------+


+-------------------------------------------------------------------------+
; Clock to Output Times                                                   ;
+-------------+------------+-------+-------+------------+-----------------+
; Data Port   ; Clock Port ; Rise  ; Fall  ; Clock Edge ; Clock Reference ;
+-------------+------------+-------+-------+------------+-----------------+
; dezena[*]   ; clock      ; 6.424 ; 6.424 ; Rise       ; clock           ;
;  dezena[0]  ; clock      ; 6.424 ; 6.424 ; Rise       ; clock           ;
;  dezena[1]  ; clock      ; 5.513 ; 5.513 ; Rise       ; clock           ;
;  dezena[2]  ; clock      ; 4.542 ; 4.542 ; Rise       ; clock           ;
; q[*]        ; clock      ; 3.781 ; 3.781 ; Rise       ; clock           ;
;  q[0]       ; clock      ; 3.757 ; 3.757 ; Rise       ; clock           ;
;  q[1]       ; clock      ; 3.781 ; 3.781 ; Rise       ; clock           ;
;  q[2]       ; clock      ; 3.776 ; 3.776 ; Rise       ; clock           ;
;  q[3]       ; clock      ; 3.773 ; 3.773 ; Rise       ; clock           ;
;  q[4]       ; clock      ; 3.761 ; 3.761 ; Rise       ; clock           ;
;  q[5]       ; clock      ; 3.778 ; 3.778 ; Rise       ; clock           ;
; unidade[*]  ; clock      ; 6.560 ; 6.560 ; Rise       ; clock           ;
;  unidade[0] ; clock      ; 3.747 ; 3.747 ; Rise       ; clock           ;
;  unidade[1] ; clock      ; 6.484 ; 6.484 ; Rise       ; clock           ;
;  unidade[2] ; clock      ; 6.560 ; 6.560 ; Rise       ; clock           ;
;  unidade[3] ; clock      ; 6.501 ; 6.501 ; Rise       ; clock           ;
+-------------+------------+-------+-------+------------+-----------------+


+-------------------------------------------------------------------------+
; Minimum Clock to Output Times                                           ;
+-------------+------------+-------+-------+------------+-----------------+
; Data Port   ; Clock Port ; Rise  ; Fall  ; Clock Edge ; Clock Reference ;
+-------------+------------+-------+-------+------------+-----------------+
; dezena[*]   ; clock      ; 4.452 ; 4.452 ; Rise       ; clock           ;
;  dezena[0]  ; clock      ; 4.556 ; 4.556 ; Rise       ; clock           ;
;  dezena[1]  ; clock      ; 4.456 ; 4.456 ; Rise       ; clock           ;
;  dezena[2]  ; clock      ; 4.452 ; 4.452 ; Rise       ; clock           ;
; q[*]        ; clock      ; 3.757 ; 3.757 ; Rise       ; clock           ;
;  q[0]       ; clock      ; 3.757 ; 3.757 ; Rise       ; clock           ;
;  q[1]       ; clock      ; 3.781 ; 3.781 ; Rise       ; clock           ;
;  q[2]       ; clock      ; 3.776 ; 3.776 ; Rise       ; clock           ;
;  q[3]       ; clock      ; 3.773 ; 3.773 ; Rise       ; clock           ;
;  q[4]       ; clock      ; 3.761 ; 3.761 ; Rise       ; clock           ;
;  q[5]       ; clock      ; 3.778 ; 3.778 ; Rise       ; clock           ;
; unidade[*]  ; clock      ; 3.747 ; 3.747 ; Rise       ; clock           ;
;  unidade[0] ; clock      ; 3.747 ; 3.747 ; Rise       ; clock           ;
;  unidade[1] ; clock      ; 4.146 ; 4.146 ; Rise       ; clock           ;
;  unidade[2] ; clock      ; 4.345 ; 4.345 ; Rise       ; clock           ;
;  unidade[3] ; clock      ; 4.445 ; 4.445 ; Rise       ; clock           ;
+-------------+------------+-------+-------+------------+-----------------+


+------------------------------------------------------------------------------+
; Multicorner Timing Analysis Summary                                          ;
+------------------+--------+-------+----------+---------+---------------------+
; Clock            ; Setup  ; Hold  ; Recovery ; Removal ; Minimum Pulse Width ;
+------------------+--------+-------+----------+---------+---------------------+
; Worst-case Slack ; -0.679 ; 0.215 ; -1.346   ; 0.895   ; -1.380              ;
;  clock           ; -0.679 ; 0.215 ; -1.346   ; 0.895   ; -1.380              ;
; Design-wide TNS  ; -2.369 ; 0.0   ; -8.076   ; 0.0     ; -7.38               ;
;  clock           ; -2.369 ; 0.000 ; -8.076   ; 0.000   ; -7.380              ;
+------------------+--------+-------+----------+---------+---------------------+


+-------------------------------------------------------------------------+
; Setup Times                                                             ;
+-----------+------------+--------+--------+------------+-----------------+
; Data Port ; Clock Port ; Rise   ; Fall   ; Clock Edge ; Clock Reference ;
+-----------+------------+--------+--------+------------+-----------------+
; enable    ; clock      ; -0.473 ; -0.473 ; Rise       ; clock           ;
+-----------+------------+--------+--------+------------+-----------------+


+-----------------------------------------------------------------------+
; Hold Times                                                            ;
+-----------+------------+-------+-------+------------+-----------------+
; Data Port ; Clock Port ; Rise  ; Fall  ; Clock Edge ; Clock Reference ;
+-----------+------------+-------+-------+------------+-----------------+
; enable    ; clock      ; 1.112 ; 1.112 ; Rise       ; clock           ;
+-----------+------------+-------+-------+------------+-----------------+


+---------------------------------------------------------------------------+
; Clock to Output Times                                                     ;
+-------------+------------+--------+--------+------------+-----------------+
; Data Port   ; Clock Port ; Rise   ; Fall   ; Clock Edge ; Clock Reference ;
+-------------+------------+--------+--------+------------+-----------------+
; dezena[*]   ; clock      ; 12.736 ; 12.736 ; Rise       ; clock           ;
;  dezena[0]  ; clock      ; 12.736 ; 12.736 ; Rise       ; clock           ;
;  dezena[1]  ; clock      ; 10.653 ; 10.653 ; Rise       ; clock           ;
;  dezena[2]  ; clock      ; 8.341  ; 8.341  ; Rise       ; clock           ;
; q[*]        ; clock      ; 6.644  ; 6.644  ; Rise       ; clock           ;
;  q[0]       ; clock      ; 6.618  ; 6.618  ; Rise       ; clock           ;
;  q[1]       ; clock      ; 6.639  ; 6.639  ; Rise       ; clock           ;
;  q[2]       ; clock      ; 6.644  ; 6.644  ; Rise       ; clock           ;
;  q[3]       ; clock      ; 6.635  ; 6.635  ; Rise       ; clock           ;
;  q[4]       ; clock      ; 6.576  ; 6.576  ; Rise       ; clock           ;
;  q[5]       ; clock      ; 6.642  ; 6.642  ; Rise       ; clock           ;
; unidade[*]  ; clock      ; 13.073 ; 13.073 ; Rise       ; clock           ;
;  unidade[0] ; clock      ; 6.608  ; 6.608  ; Rise       ; clock           ;
;  unidade[1] ; clock      ; 12.900 ; 12.900 ; Rise       ; clock           ;
;  unidade[2] ; clock      ; 13.073 ; 13.073 ; Rise       ; clock           ;
;  unidade[3] ; clock      ; 12.917 ; 12.917 ; Rise       ; clock           ;
+-------------+------------+--------+--------+------------+-----------------+


+-------------------------------------------------------------------------+
; Minimum Clock to Output Times                                           ;
+-------------+------------+-------+-------+------------+-----------------+
; Data Port   ; Clock Port ; Rise  ; Fall  ; Clock Edge ; Clock Reference ;
+-------------+------------+-------+-------+------------+-----------------+
; dezena[*]   ; clock      ; 4.452 ; 4.452 ; Rise       ; clock           ;
;  dezena[0]  ; clock      ; 4.556 ; 4.556 ; Rise       ; clock           ;
;  dezena[1]  ; clock      ; 4.456 ; 4.456 ; Rise       ; clock           ;
;  dezena[2]  ; clock      ; 4.452 ; 4.452 ; Rise       ; clock           ;
; q[*]        ; clock      ; 3.757 ; 3.757 ; Rise       ; clock           ;
;  q[0]       ; clock      ; 3.757 ; 3.757 ; Rise       ; clock           ;
;  q[1]       ; clock      ; 3.781 ; 3.781 ; Rise       ; clock           ;
;  q[2]       ; clock      ; 3.776 ; 3.776 ; Rise       ; clock           ;
;  q[3]       ; clock      ; 3.773 ; 3.773 ; Rise       ; clock           ;
;  q[4]       ; clock      ; 3.761 ; 3.761 ; Rise       ; clock           ;
;  q[5]       ; clock      ; 3.778 ; 3.778 ; Rise       ; clock           ;
; unidade[*]  ; clock      ; 3.747 ; 3.747 ; Rise       ; clock           ;
;  unidade[0] ; clock      ; 3.747 ; 3.747 ; Rise       ; clock           ;
;  unidade[1] ; clock      ; 4.146 ; 4.146 ; Rise       ; clock           ;
;  unidade[2] ; clock      ; 4.345 ; 4.345 ; Rise       ; clock           ;
;  unidade[3] ; clock      ; 4.445 ; 4.445 ; Rise       ; clock           ;
+-------------+------------+-------+-------+------------+-----------------+


+-------------------------------------------------------------------+
; Setup Transfers                                                   ;
+------------+----------+----------+----------+----------+----------+
; From Clock ; To Clock ; RR Paths ; FR Paths ; RF Paths ; FF Paths ;
+------------+----------+----------+----------+----------+----------+
; clock      ; clock    ; 21       ; 0        ; 0        ; 0        ;
+------------+----------+----------+----------+----------+----------+
Entries labeled "false path" only account for clock-to-clock false paths and not path-based false paths. As a result, actual path counts may be lower than reported.


+-------------------------------------------------------------------+
; Hold Transfers                                                    ;
+------------+----------+----------+----------+----------+----------+
; From Clock ; To Clock ; RR Paths ; FR Paths ; RF Paths ; FF Paths ;
+------------+----------+----------+----------+----------+----------+
; clock      ; clock    ; 21       ; 0        ; 0        ; 0        ;
+------------+----------+----------+----------+----------+----------+
Entries labeled "false path" only account for clock-to-clock false paths and not path-based false paths. As a result, actual path counts may be lower than reported.


+-------------------------------------------------------------------+
; Recovery Transfers                                                ;
+------------+----------+----------+----------+----------+----------+
; From Clock ; To Clock ; RR Paths ; FR Paths ; RF Paths ; FF Paths ;
+------------+----------+----------+----------+----------+----------+
; clock      ; clock    ; 36       ; 0        ; 0        ; 0        ;
+------------+----------+----------+----------+----------+----------+
Entries labeled "false path" only account for clock-to-clock false paths and not path-based false paths. As a result, actual path counts may be lower than reported.


+-------------------------------------------------------------------+
; Removal Transfers                                                 ;
+------------+----------+----------+----------+----------+----------+
; From Clock ; To Clock ; RR Paths ; FR Paths ; RF Paths ; FF Paths ;
+------------+----------+----------+----------+----------+----------+
; clock      ; clock    ; 36       ; 0        ; 0        ; 0        ;
+------------+----------+----------+----------+----------+----------+
Entries labeled "false path" only account for clock-to-clock false paths and not path-based false paths. As a result, actual path counts may be lower than reported.


---------------
; Report TCCS ;
---------------
No dedicated SERDES Transmitter circuitry present in device or used in design


---------------
; Report RSKM ;
---------------
No dedicated SERDES Receiver circuitry present in device or used in design


+------------------------------------------------+
; Unconstrained Paths                            ;
+---------------------------------+-------+------+
; Property                        ; Setup ; Hold ;
+---------------------------------+-------+------+
; Illegal Clocks                  ; 0     ; 0    ;
; Unconstrained Clocks            ; 0     ; 0    ;
; Unconstrained Input Ports       ; 2     ; 2    ;
; Unconstrained Input Port Paths  ; 12    ; 12   ;
; Unconstrained Output Ports      ; 13    ; 13   ;
; Unconstrained Output Port Paths ; 34    ; 34   ;
+---------------------------------+-------+------+


+------------------------------------+
; TimeQuest Timing Analyzer Messages ;
+------------------------------------+
Info: *******************************************************************
Info: Running Quartus II 64-Bit TimeQuest Timing Analyzer
    Info: Version 13.0.0 Build 156 04/24/2013 SJ Web Edition
    Info: Processing started: Wed Jun 06 02:50:37 2018
Info: Command: quartus_sta contadorCrescente -c contadorCrescente
Info: qsta_default_script.tcl version: #1
Warning (20028): Parallel compilation is not licensed and has been disabled
Info (21077): Low junction temperature is 0 degrees C
Info (21077): High junction temperature is 85 degrees C
Critical Warning (332012): Synopsys Design Constraints File file not found: 'contadorCrescente.sdc'. A Synopsys Design Constraints File is required by the TimeQuest Timing Analyzer to get proper timing constraints. Without it, the Compiler will not properly optimize the design.
Info (332142): No user constrained base clocks found in the design. Calling "derive_clocks -period 1.0"
Info (332105): Deriving Clocks
    Info (332105): create_clock -period 1.000 -name clock clock
Info: Found TIMEQUEST_REPORT_SCRIPT_INCLUDE_DEFAULT_ANALYSIS = ON
Info: Analyzing Slow Model
Critical Warning (332148): Timing requirements not met
Info (332146): Worst-case setup slack is -0.679
    Info (332119):     Slack End Point TNS Clock 
    Info (332119): ========= ============= =====================
    Info (332119):    -0.679        -2.369 clock 
Info (332146): Worst-case hold slack is 0.391
    Info (332119):     Slack End Point TNS Clock 
    Info (332119): ========= ============= =====================
    Info (332119):     0.391         0.000 clock 
Info (332146): Worst-case recovery slack is -1.346
    Info (332119):     Slack End Point TNS Clock 
    Info (332119): ========= ============= =====================
    Info (332119):    -1.346        -8.076 clock 
Info (332146): Worst-case removal slack is 1.751
    Info (332119):     Slack End Point TNS Clock 
    Info (332119): ========= ============= =====================
    Info (332119):     1.751         0.000 clock 
Info (332146): Worst-case minimum pulse width slack is -1.380
    Info (332119):     Slack End Point TNS Clock 
    Info (332119): ========= ============= =====================
    Info (332119):    -1.380        -7.380 clock 
Info (332001): The selected device family is not supported by the report_metastability command.
Info: Analyzing Fast Model
Info (332146): Worst-case setup slack is 0.256
    Info (332119):     Slack End Point TNS Clock 
    Info (332119): ========= ============= =====================
    Info (332119):     0.256         0.000 clock 
Info (332146): Worst-case hold slack is 0.215
    Info (332119):     Slack End Point TNS Clock 
    Info (332119): ========= ============= =====================
    Info (332119):     0.215         0.000 clock 
Critical Warning (332148): Timing requirements not met
Info (332146): Worst-case recovery slack is -0.178
    Info (332119):     Slack End Point TNS Clock 
    Info (332119): ========= ============= =====================
    Info (332119):    -0.178        -1.068 clock 
Info (332146): Worst-case removal slack is 0.895
    Info (332119):     Slack End Point TNS Clock 
    Info (332119): ========= ============= =====================
    Info (332119):     0.895         0.000 clock 
Info (332146): Worst-case minimum pulse width slack is -1.380
    Info (332119):     Slack End Point TNS Clock 
    Info (332119): ========= ============= =====================
    Info (332119):    -1.380        -7.380 clock 
Info (332001): The selected device family is not supported by the report_metastability command.
Info (332102): Design is not fully constrained for setup requirements
Info (332102): Design is not fully constrained for hold requirements
Info: Quartus II 64-Bit TimeQuest Timing Analyzer was successful. 0 errors, 4 warnings
    Info: Peak virtual memory: 4563 megabytes
    Info: Processing ended: Wed Jun 06 02:50:38 2018
    Info: Elapsed time: 00:00:01
    Info: Total CPU time (on all processors): 00:00:01


