Simulator report for contadorHMS
Fri Jun 01 18:40:15 2018
Quartus II 64-Bit Version 13.0.0 Build 156 04/24/2013 SJ Web Edition


---------------------
; Table of Contents ;
---------------------
  1. Legal Notice
  2. Simulator Summary
  3. Simulator Settings
  4. Simulation Waveforms
  5. Coverage Summary
  6. Complete 1/0-Value Coverage
  7. Missing 1-Value Coverage
  8. Missing 0-Value Coverage
  9. Simulator INI Usage
 10. Simulator Messages



----------------
; Legal Notice ;
----------------
Copyright (C) 1991-2013 Altera Corporation
Your use of Altera Corporation's design tools, logic functions 
and other software and tools, and its AMPP partner logic 
functions, and any output files from any of the foregoing 
(including device programming or simulation files), and any 
associated documentation or information are expressly subject 
to the terms and conditions of the Altera Program License 
Subscription Agreement, Altera MegaCore Function License 
Agreement, or other applicable license agreement, including, 
without limitation, that your use is for the sole purpose of 
programming logic devices manufactured by Altera and sold by 
Altera or its authorized distributors.  Please refer to the 
applicable agreement for further details.



+--------------------------------------------+
; Simulator Summary                          ;
+-----------------------------+--------------+
; Type                        ; Value        ;
+-----------------------------+--------------+
; Simulation Start Time       ; 0 ps         ;
; Simulation End Time         ; 1.0 us       ;
; Simulation Netlist Size     ; 198 nodes    ;
; Simulation Coverage         ;      32.83 % ;
; Total Number of Transitions ; 1444289      ;
; Simulation Breakpoints      ; 0            ;
; Family                      ; Cyclone II   ;
+-----------------------------+--------------+


+-------------------------------------------------------------------------------------------------------------------------------------------------------------------------+
; Simulator Settings                                                                                                                                                      ;
+--------------------------------------------------------------------------------------------+------------------------------------------------------------+---------------+
; Option                                                                                     ; Setting                                                    ; Default Value ;
+--------------------------------------------------------------------------------------------+------------------------------------------------------------+---------------+
; Simulation mode                                                                            ; Functional                                                 ; Timing        ;
; Start time                                                                                 ; 0 ns                                                       ; 0 ns          ;
; Simulation results format                                                                  ; VWF                                                        ;               ;
; Vector input source                                                                        ; C:/Users/Hemerson/Documents/FPGA/contadorHMS/Waveform5.vwf ;               ;
; Add pins automatically to simulation output waveforms                                      ; On                                                         ; On            ;
; Check outputs                                                                              ; Off                                                        ; Off           ;
; Report simulation coverage                                                                 ; On                                                         ; On            ;
; Display complete 1/0 value coverage report                                                 ; On                                                         ; On            ;
; Display missing 1-value coverage report                                                    ; On                                                         ; On            ;
; Display missing 0-value coverage report                                                    ; On                                                         ; On            ;
; Detect setup and hold time violations                                                      ; Off                                                        ; Off           ;
; Detect glitches                                                                            ; Off                                                        ; Off           ;
; Disable timing delays in Timing Simulation                                                 ; Off                                                        ; Off           ;
; Generate Signal Activity File                                                              ; Off                                                        ; Off           ;
; Generate VCD File for PowerPlay Power Analyzer                                             ; Off                                                        ; Off           ;
; Group bus channels in simulation results                                                   ; Off                                                        ; Off           ;
; Preserve fewer signal transitions to reduce memory requirements                            ; On                                                         ; On            ;
; Trigger vector comparison with the specified mode                                          ; INPUT_EDGE                                                 ; INPUT_EDGE    ;
; Disable setup and hold time violations detection in input registers of bi-directional pins ; Off                                                        ; Off           ;
; Overwrite Waveform Inputs With Simulation Outputs                                          ; Off                                                        ;               ;
; Perform Glitch Filtering in Timing Simulation                                              ; Auto                                                       ; Auto          ;
+--------------------------------------------------------------------------------------------+------------------------------------------------------------+---------------+


+----------------------+
; Simulation Waveforms ;
+----------------------+
Waveform report data cannot be output to ASCII.
Please use Quartus II 64-Bit to view the waveform report data.


+--------------------------------------------------------------------+
; Coverage Summary                                                   ;
+-----------------------------------------------------+--------------+
; Type                                                ; Value        ;
+-----------------------------------------------------+--------------+
; Total coverage as a percentage                      ;      32.83 % ;
; Total nodes checked                                 ; 198          ;
; Total output ports checked                          ; 198          ;
; Total output ports with complete 1/0-value coverage ; 65           ;
; Total output ports with no 1/0-value coverage       ; 132          ;
; Total output ports with no 1-value coverage         ; 132          ;
; Total output ports with no 0-value coverage         ; 133          ;
+-----------------------------------------------------+--------------+


The following table displays output ports that toggle between 1 and 0 during simulation.
+--------------------------------------------------------------------------------------------------+
; Complete 1/0-Value Coverage                                                                      ;
+---------------------------------------+---------------------------------------+------------------+
; Node Name                             ; Output Port Name                      ; Output Port Type ;
+---------------------------------------+---------------------------------------+------------------+
; |contadorHMS|clock_in_ocilador        ; |contadorHMS|clock_in_ocilador        ; out              ;
; |contadorHMS|divSegundo:DIVS|cont[7]  ; |contadorHMS|divSegundo:DIVS|cont[7]  ; regout           ;
; |contadorHMS|divSegundo:DIVS|cont[6]  ; |contadorHMS|divSegundo:DIVS|cont[6]  ; regout           ;
; |contadorHMS|divSegundo:DIVS|cont[5]  ; |contadorHMS|divSegundo:DIVS|cont[5]  ; regout           ;
; |contadorHMS|divSegundo:DIVS|cont[4]  ; |contadorHMS|divSegundo:DIVS|cont[4]  ; regout           ;
; |contadorHMS|divSegundo:DIVS|cont[3]  ; |contadorHMS|divSegundo:DIVS|cont[3]  ; regout           ;
; |contadorHMS|divSegundo:DIVS|cont[2]  ; |contadorHMS|divSegundo:DIVS|cont[2]  ; regout           ;
; |contadorHMS|divSegundo:DIVS|cont[1]  ; |contadorHMS|divSegundo:DIVS|cont[1]  ; regout           ;
; |contadorHMS|divSegundo:DIVS|cont[0]  ; |contadorHMS|divSegundo:DIVS|cont[0]  ; regout           ;
; |contadorHMS|divSegundo:DIVS|cont~9   ; |contadorHMS|divSegundo:DIVS|cont~9   ; out              ;
; |contadorHMS|divSegundo:DIVS|cont~10  ; |contadorHMS|divSegundo:DIVS|cont~10  ; out              ;
; |contadorHMS|divSegundo:DIVS|cont~11  ; |contadorHMS|divSegundo:DIVS|cont~11  ; out              ;
; |contadorHMS|divSegundo:DIVS|cont~12  ; |contadorHMS|divSegundo:DIVS|cont~12  ; out              ;
; |contadorHMS|divSegundo:DIVS|cont~13  ; |contadorHMS|divSegundo:DIVS|cont~13  ; out              ;
; |contadorHMS|divSegundo:DIVS|cont~14  ; |contadorHMS|divSegundo:DIVS|cont~14  ; out              ;
; |contadorHMS|divSegundo:DIVS|cont~15  ; |contadorHMS|divSegundo:DIVS|cont~15  ; out              ;
; |contadorHMS|divSegundo:DIVS|cont~16  ; |contadorHMS|divSegundo:DIVS|cont~16  ; out              ;
; |contadorHMS|divSegundo:DIVS|cont~17  ; |contadorHMS|divSegundo:DIVS|cont~17  ; out              ;
; |contadorHMS|divSegundo:DIVS|cont~18  ; |contadorHMS|divSegundo:DIVS|cont~18  ; out              ;
; |contadorHMS|divSegundo:DIVS|cont~19  ; |contadorHMS|divSegundo:DIVS|cont~19  ; out              ;
; |contadorHMS|divSegundo:DIVS|cont~20  ; |contadorHMS|divSegundo:DIVS|cont~20  ; out              ;
; |contadorHMS|divSegundo:DIVS|cont~21  ; |contadorHMS|divSegundo:DIVS|cont~21  ; out              ;
; |contadorHMS|divSegundo:DIVS|cont~22  ; |contadorHMS|divSegundo:DIVS|cont~22  ; out              ;
; |contadorHMS|divSegundo:DIVS|cont~23  ; |contadorHMS|divSegundo:DIVS|cont~23  ; out              ;
; |contadorHMS|divSegundo:DIVS|cont~24  ; |contadorHMS|divSegundo:DIVS|cont~24  ; out              ;
; |contadorHMS|divSegundo:DIVS|cont~25  ; |contadorHMS|divSegundo:DIVS|cont~25  ; out              ;
; |contadorHMS|divSegundo:DIVS|cont[8]  ; |contadorHMS|divSegundo:DIVS|cont[8]  ; regout           ;
; |contadorHMS|divSegundo:DIVS|cont[9]  ; |contadorHMS|divSegundo:DIVS|cont[9]  ; regout           ;
; |contadorHMS|divSegundo:DIVS|cont[10] ; |contadorHMS|divSegundo:DIVS|cont[10] ; regout           ;
; |contadorHMS|divSegundo:DIVS|cont[11] ; |contadorHMS|divSegundo:DIVS|cont[11] ; regout           ;
; |contadorHMS|divSegundo:DIVS|cont[12] ; |contadorHMS|divSegundo:DIVS|cont[12] ; regout           ;
; |contadorHMS|divSegundo:DIVS|cont[13] ; |contadorHMS|divSegundo:DIVS|cont[13] ; regout           ;
; |contadorHMS|divSegundo:DIVS|cont[14] ; |contadorHMS|divSegundo:DIVS|cont[14] ; regout           ;
; |contadorHMS|divSegundo:DIVS|cont[15] ; |contadorHMS|divSegundo:DIVS|cont[15] ; regout           ;
; |contadorHMS|divSegundo:DIVS|Add0~0   ; |contadorHMS|divSegundo:DIVS|Add0~0   ; out0             ;
; |contadorHMS|divSegundo:DIVS|Add0~1   ; |contadorHMS|divSegundo:DIVS|Add0~1   ; out0             ;
; |contadorHMS|divSegundo:DIVS|Add0~2   ; |contadorHMS|divSegundo:DIVS|Add0~2   ; out0             ;
; |contadorHMS|divSegundo:DIVS|Add0~3   ; |contadorHMS|divSegundo:DIVS|Add0~3   ; out0             ;
; |contadorHMS|divSegundo:DIVS|Add0~4   ; |contadorHMS|divSegundo:DIVS|Add0~4   ; out0             ;
; |contadorHMS|divSegundo:DIVS|Add0~5   ; |contadorHMS|divSegundo:DIVS|Add0~5   ; out0             ;
; |contadorHMS|divSegundo:DIVS|Add0~6   ; |contadorHMS|divSegundo:DIVS|Add0~6   ; out0             ;
; |contadorHMS|divSegundo:DIVS|Add0~7   ; |contadorHMS|divSegundo:DIVS|Add0~7   ; out0             ;
; |contadorHMS|divSegundo:DIVS|Add0~8   ; |contadorHMS|divSegundo:DIVS|Add0~8   ; out0             ;
; |contadorHMS|divSegundo:DIVS|Add0~9   ; |contadorHMS|divSegundo:DIVS|Add0~9   ; out0             ;
; |contadorHMS|divSegundo:DIVS|Add0~10  ; |contadorHMS|divSegundo:DIVS|Add0~10  ; out0             ;
; |contadorHMS|divSegundo:DIVS|Add0~11  ; |contadorHMS|divSegundo:DIVS|Add0~11  ; out0             ;
; |contadorHMS|divSegundo:DIVS|Add0~12  ; |contadorHMS|divSegundo:DIVS|Add0~12  ; out0             ;
; |contadorHMS|divSegundo:DIVS|Add0~13  ; |contadorHMS|divSegundo:DIVS|Add0~13  ; out0             ;
; |contadorHMS|divSegundo:DIVS|Add0~14  ; |contadorHMS|divSegundo:DIVS|Add0~14  ; out0             ;
; |contadorHMS|divSegundo:DIVS|Add0~15  ; |contadorHMS|divSegundo:DIVS|Add0~15  ; out0             ;
; |contadorHMS|divSegundo:DIVS|Add0~16  ; |contadorHMS|divSegundo:DIVS|Add0~16  ; out0             ;
; |contadorHMS|divSegundo:DIVS|Add0~17  ; |contadorHMS|divSegundo:DIVS|Add0~17  ; out0             ;
; |contadorHMS|divSegundo:DIVS|Add0~18  ; |contadorHMS|divSegundo:DIVS|Add0~18  ; out0             ;
; |contadorHMS|divSegundo:DIVS|Add0~19  ; |contadorHMS|divSegundo:DIVS|Add0~19  ; out0             ;
; |contadorHMS|divSegundo:DIVS|Add0~20  ; |contadorHMS|divSegundo:DIVS|Add0~20  ; out0             ;
; |contadorHMS|divSegundo:DIVS|Add0~21  ; |contadorHMS|divSegundo:DIVS|Add0~21  ; out0             ;
; |contadorHMS|divSegundo:DIVS|Add0~22  ; |contadorHMS|divSegundo:DIVS|Add0~22  ; out0             ;
; |contadorHMS|divSegundo:DIVS|Add0~23  ; |contadorHMS|divSegundo:DIVS|Add0~23  ; out0             ;
; |contadorHMS|divSegundo:DIVS|Add0~24  ; |contadorHMS|divSegundo:DIVS|Add0~24  ; out0             ;
; |contadorHMS|divSegundo:DIVS|Add0~25  ; |contadorHMS|divSegundo:DIVS|Add0~25  ; out0             ;
; |contadorHMS|divSegundo:DIVS|Add0~26  ; |contadorHMS|divSegundo:DIVS|Add0~26  ; out0             ;
; |contadorHMS|divSegundo:DIVS|Add0~27  ; |contadorHMS|divSegundo:DIVS|Add0~27  ; out0             ;
; |contadorHMS|divSegundo:DIVS|Add0~28  ; |contadorHMS|divSegundo:DIVS|Add0~28  ; out0             ;
; |contadorHMS|divSegundo:DIVS|Add0~29  ; |contadorHMS|divSegundo:DIVS|Add0~29  ; out0             ;
; |contadorHMS|divSegundo:DIVS|Add0~30  ; |contadorHMS|divSegundo:DIVS|Add0~30  ; out0             ;
+---------------------------------------+---------------------------------------+------------------+


The following table displays output ports that do not toggle to 1 during simulation.
+------------------------------------------------------------------------------------------------------------+
; Missing 1-Value Coverage                                                                                   ;
+--------------------------------------------+--------------------------------------------+------------------+
; Node Name                                  ; Output Port Name                           ; Output Port Type ;
+--------------------------------------------+--------------------------------------------+------------------+
; |contadorHMS|stopS~0                       ; |contadorHMS|stopS~0                       ; out0             ;
; |contadorHMS|stopS~1                       ; |contadorHMS|stopS~1                       ; out0             ;
; |contadorHMS|stopS~2                       ; |contadorHMS|stopS~2                       ; out0             ;
; |contadorHMS|stopS~3                       ; |contadorHMS|stopS~3                       ; out0             ;
; |contadorHMS|stopS                         ; |contadorHMS|stopS                         ; out0             ;
; |contadorHMS|stopM~0                       ; |contadorHMS|stopM~0                       ; out0             ;
; |contadorHMS|stopM~1                       ; |contadorHMS|stopM~1                       ; out0             ;
; |contadorHMS|stopM~2                       ; |contadorHMS|stopM~2                       ; out0             ;
; |contadorHMS|stopM~3                       ; |contadorHMS|stopM~3                       ; out0             ;
; |contadorHMS|stopM                         ; |contadorHMS|stopM                         ; out0             ;
; |contadorHMS|stopH~0                       ; |contadorHMS|stopH~0                       ; out0             ;
; |contadorHMS|stopH~1                       ; |contadorHMS|stopH~1                       ; out0             ;
; |contadorHMS|stopH~2                       ; |contadorHMS|stopH~2                       ; out0             ;
; |contadorHMS|stopH                         ; |contadorHMS|stopH                         ; out0             ;
; |contadorHMS|outS[0]                       ; |contadorHMS|outS[0]                       ; pin_out          ;
; |contadorHMS|outS[1]                       ; |contadorHMS|outS[1]                       ; pin_out          ;
; |contadorHMS|outS[2]                       ; |contadorHMS|outS[2]                       ; pin_out          ;
; |contadorHMS|outS[3]                       ; |contadorHMS|outS[3]                       ; pin_out          ;
; |contadorHMS|outS[4]                       ; |contadorHMS|outS[4]                       ; pin_out          ;
; |contadorHMS|outS[5]                       ; |contadorHMS|outS[5]                       ; pin_out          ;
; |contadorHMS|outM[0]                       ; |contadorHMS|outM[0]                       ; pin_out          ;
; |contadorHMS|outM[1]                       ; |contadorHMS|outM[1]                       ; pin_out          ;
; |contadorHMS|outM[2]                       ; |contadorHMS|outM[2]                       ; pin_out          ;
; |contadorHMS|outM[3]                       ; |contadorHMS|outM[3]                       ; pin_out          ;
; |contadorHMS|outM[4]                       ; |contadorHMS|outM[4]                       ; pin_out          ;
; |contadorHMS|outM[5]                       ; |contadorHMS|outM[5]                       ; pin_out          ;
; |contadorHMS|outH[0]                       ; |contadorHMS|outH[0]                       ; pin_out          ;
; |contadorHMS|outH[1]                       ; |contadorHMS|outH[1]                       ; pin_out          ;
; |contadorHMS|outH[2]                       ; |contadorHMS|outH[2]                       ; pin_out          ;
; |contadorHMS|outH[3]                       ; |contadorHMS|outH[3]                       ; pin_out          ;
; |contadorHMS|outH[4]                       ; |contadorHMS|outH[4]                       ; pin_out          ;
; |contadorHMS|ffjk:FF4H|qsignal             ; |contadorHMS|ffjk:FF4H|qsignal             ; regout           ;
; |contadorHMS|ffjk:FF3H|qsignal             ; |contadorHMS|ffjk:FF3H|qsignal             ; regout           ;
; |contadorHMS|ffjk:FF2H|qsignal             ; |contadorHMS|ffjk:FF2H|qsignal             ; regout           ;
; |contadorHMS|ffjk:FF1H|qsignal             ; |contadorHMS|ffjk:FF1H|qsignal             ; regout           ;
; |contadorHMS|ffjk:FF0H|qsignal             ; |contadorHMS|ffjk:FF0H|qsignal             ; regout           ;
; |contadorHMS|divHora:DIVH|contMinuto[0]    ; |contadorHMS|divHora:DIVH|contMinuto[0]    ; regout           ;
; |contadorHMS|divHora:DIVH|umHora           ; |contadorHMS|divHora:DIVH|umHora           ; regout           ;
; |contadorHMS|divHora:DIVH|contMinuto~0     ; |contadorHMS|divHora:DIVH|contMinuto~0     ; out              ;
; |contadorHMS|divHora:DIVH|contMinuto~1     ; |contadorHMS|divHora:DIVH|contMinuto~1     ; out              ;
; |contadorHMS|divHora:DIVH|contMinuto~2     ; |contadorHMS|divHora:DIVH|contMinuto~2     ; out              ;
; |contadorHMS|divHora:DIVH|contMinuto~3     ; |contadorHMS|divHora:DIVH|contMinuto~3     ; out              ;
; |contadorHMS|divHora:DIVH|contMinuto~4     ; |contadorHMS|divHora:DIVH|contMinuto~4     ; out              ;
; |contadorHMS|divHora:DIVH|contMinuto~5     ; |contadorHMS|divHora:DIVH|contMinuto~5     ; out              ;
; |contadorHMS|divHora:DIVH|contMinuto[1]    ; |contadorHMS|divHora:DIVH|contMinuto[1]    ; regout           ;
; |contadorHMS|divHora:DIVH|contMinuto[2]    ; |contadorHMS|divHora:DIVH|contMinuto[2]    ; regout           ;
; |contadorHMS|divHora:DIVH|contMinuto[3]    ; |contadorHMS|divHora:DIVH|contMinuto[3]    ; regout           ;
; |contadorHMS|divHora:DIVH|contMinuto[4]    ; |contadorHMS|divHora:DIVH|contMinuto[4]    ; regout           ;
; |contadorHMS|divHora:DIVH|contMinuto[5]    ; |contadorHMS|divHora:DIVH|contMinuto[5]    ; regout           ;
; |contadorHMS|ffjk:FF5M|qsignal             ; |contadorHMS|ffjk:FF5M|qsignal             ; regout           ;
; |contadorHMS|ffjk:FF4M|qsignal             ; |contadorHMS|ffjk:FF4M|qsignal             ; regout           ;
; |contadorHMS|ffjk:FF3M|qsignal             ; |contadorHMS|ffjk:FF3M|qsignal             ; regout           ;
; |contadorHMS|ffjk:FF2M|qsignal             ; |contadorHMS|ffjk:FF2M|qsignal             ; regout           ;
; |contadorHMS|ffjk:FF1M|qsignal             ; |contadorHMS|ffjk:FF1M|qsignal             ; regout           ;
; |contadorHMS|ffjk:FF0M|qsignal             ; |contadorHMS|ffjk:FF0M|qsignal             ; regout           ;
; |contadorHMS|divMinuto:DIVM|contSegundo[0] ; |contadorHMS|divMinuto:DIVM|contSegundo[0] ; regout           ;
; |contadorHMS|divMinuto:DIVM|umMinuto       ; |contadorHMS|divMinuto:DIVM|umMinuto       ; regout           ;
; |contadorHMS|divMinuto:DIVM|contSegundo~0  ; |contadorHMS|divMinuto:DIVM|contSegundo~0  ; out              ;
; |contadorHMS|divMinuto:DIVM|contSegundo~1  ; |contadorHMS|divMinuto:DIVM|contSegundo~1  ; out              ;
; |contadorHMS|divMinuto:DIVM|contSegundo~2  ; |contadorHMS|divMinuto:DIVM|contSegundo~2  ; out              ;
; |contadorHMS|divMinuto:DIVM|contSegundo~3  ; |contadorHMS|divMinuto:DIVM|contSegundo~3  ; out              ;
; |contadorHMS|divMinuto:DIVM|contSegundo~4  ; |contadorHMS|divMinuto:DIVM|contSegundo~4  ; out              ;
; |contadorHMS|divMinuto:DIVM|contSegundo~5  ; |contadorHMS|divMinuto:DIVM|contSegundo~5  ; out              ;
; |contadorHMS|divMinuto:DIVM|contSegundo[1] ; |contadorHMS|divMinuto:DIVM|contSegundo[1] ; regout           ;
; |contadorHMS|divMinuto:DIVM|contSegundo[2] ; |contadorHMS|divMinuto:DIVM|contSegundo[2] ; regout           ;
; |contadorHMS|divMinuto:DIVM|contSegundo[3] ; |contadorHMS|divMinuto:DIVM|contSegundo[3] ; regout           ;
; |contadorHMS|divMinuto:DIVM|contSegundo[4] ; |contadorHMS|divMinuto:DIVM|contSegundo[4] ; regout           ;
; |contadorHMS|divMinuto:DIVM|contSegundo[5] ; |contadorHMS|divMinuto:DIVM|contSegundo[5] ; regout           ;
; |contadorHMS|ffjk:FF5S|qsignal             ; |contadorHMS|ffjk:FF5S|qsignal             ; regout           ;
; |contadorHMS|ffjk:FF4S|qsignal             ; |contadorHMS|ffjk:FF4S|qsignal             ; regout           ;
; |contadorHMS|ffjk:FF3S|qsignal             ; |contadorHMS|ffjk:FF3S|qsignal             ; regout           ;
; |contadorHMS|ffjk:FF2S|qsignal             ; |contadorHMS|ffjk:FF2S|qsignal             ; regout           ;
; |contadorHMS|ffjk:FF1S|qsignal             ; |contadorHMS|ffjk:FF1S|qsignal             ; regout           ;
; |contadorHMS|ffjk:FF0S|qsignal             ; |contadorHMS|ffjk:FF0S|qsignal             ; regout           ;
; |contadorHMS|divSegundo:DIVS|umSegundo     ; |contadorHMS|divSegundo:DIVS|umSegundo     ; regout           ;
; |contadorHMS|divSegundo:DIVS|cont~0        ; |contadorHMS|divSegundo:DIVS|cont~0        ; out              ;
; |contadorHMS|divSegundo:DIVS|cont~1        ; |contadorHMS|divSegundo:DIVS|cont~1        ; out              ;
; |contadorHMS|divSegundo:DIVS|cont~2        ; |contadorHMS|divSegundo:DIVS|cont~2        ; out              ;
; |contadorHMS|divSegundo:DIVS|cont~3        ; |contadorHMS|divSegundo:DIVS|cont~3        ; out              ;
; |contadorHMS|divSegundo:DIVS|cont~4        ; |contadorHMS|divSegundo:DIVS|cont~4        ; out              ;
; |contadorHMS|divSegundo:DIVS|cont~5        ; |contadorHMS|divSegundo:DIVS|cont~5        ; out              ;
; |contadorHMS|divSegundo:DIVS|cont~6        ; |contadorHMS|divSegundo:DIVS|cont~6        ; out              ;
; |contadorHMS|divSegundo:DIVS|cont~7        ; |contadorHMS|divSegundo:DIVS|cont~7        ; out              ;
; |contadorHMS|divSegundo:DIVS|cont~8        ; |contadorHMS|divSegundo:DIVS|cont~8        ; out              ;
; |contadorHMS|divSegundo:DIVS|cont[17]      ; |contadorHMS|divSegundo:DIVS|cont[17]      ; regout           ;
; |contadorHMS|divSegundo:DIVS|cont[18]      ; |contadorHMS|divSegundo:DIVS|cont[18]      ; regout           ;
; |contadorHMS|divSegundo:DIVS|cont[19]      ; |contadorHMS|divSegundo:DIVS|cont[19]      ; regout           ;
; |contadorHMS|divSegundo:DIVS|cont[20]      ; |contadorHMS|divSegundo:DIVS|cont[20]      ; regout           ;
; |contadorHMS|divSegundo:DIVS|cont[21]      ; |contadorHMS|divSegundo:DIVS|cont[21]      ; regout           ;
; |contadorHMS|divSegundo:DIVS|cont[22]      ; |contadorHMS|divSegundo:DIVS|cont[22]      ; regout           ;
; |contadorHMS|divSegundo:DIVS|cont[23]      ; |contadorHMS|divSegundo:DIVS|cont[23]      ; regout           ;
; |contadorHMS|divSegundo:DIVS|cont[24]      ; |contadorHMS|divSegundo:DIVS|cont[24]      ; regout           ;
; |contadorHMS|divSegundo:DIVS|cont[25]      ; |contadorHMS|divSegundo:DIVS|cont[25]      ; regout           ;
; |contadorHMS|divHora:DIVH|Add0~0           ; |contadorHMS|divHora:DIVH|Add0~0           ; out0             ;
; |contadorHMS|divHora:DIVH|Add0~1           ; |contadorHMS|divHora:DIVH|Add0~1           ; out0             ;
; |contadorHMS|divHora:DIVH|Add0~2           ; |contadorHMS|divHora:DIVH|Add0~2           ; out0             ;
; |contadorHMS|divHora:DIVH|Add0~3           ; |contadorHMS|divHora:DIVH|Add0~3           ; out0             ;
; |contadorHMS|divHora:DIVH|Add0~4           ; |contadorHMS|divHora:DIVH|Add0~4           ; out0             ;
; |contadorHMS|divHora:DIVH|Add0~5           ; |contadorHMS|divHora:DIVH|Add0~5           ; out0             ;
; |contadorHMS|divHora:DIVH|Add0~6           ; |contadorHMS|divHora:DIVH|Add0~6           ; out0             ;
; |contadorHMS|divHora:DIVH|Add0~7           ; |contadorHMS|divHora:DIVH|Add0~7           ; out0             ;
; |contadorHMS|divHora:DIVH|Add0~8           ; |contadorHMS|divHora:DIVH|Add0~8           ; out0             ;
; |contadorHMS|divMinuto:DIVM|Add0~0         ; |contadorHMS|divMinuto:DIVM|Add0~0         ; out0             ;
; |contadorHMS|divMinuto:DIVM|Add0~1         ; |contadorHMS|divMinuto:DIVM|Add0~1         ; out0             ;
; |contadorHMS|divMinuto:DIVM|Add0~2         ; |contadorHMS|divMinuto:DIVM|Add0~2         ; out0             ;
; |contadorHMS|divMinuto:DIVM|Add0~3         ; |contadorHMS|divMinuto:DIVM|Add0~3         ; out0             ;
; |contadorHMS|divMinuto:DIVM|Add0~4         ; |contadorHMS|divMinuto:DIVM|Add0~4         ; out0             ;
; |contadorHMS|divMinuto:DIVM|Add0~5         ; |contadorHMS|divMinuto:DIVM|Add0~5         ; out0             ;
; |contadorHMS|divMinuto:DIVM|Add0~6         ; |contadorHMS|divMinuto:DIVM|Add0~6         ; out0             ;
; |contadorHMS|divMinuto:DIVM|Add0~7         ; |contadorHMS|divMinuto:DIVM|Add0~7         ; out0             ;
; |contadorHMS|divMinuto:DIVM|Add0~8         ; |contadorHMS|divMinuto:DIVM|Add0~8         ; out0             ;
; |contadorHMS|divSegundo:DIVS|Add0~31       ; |contadorHMS|divSegundo:DIVS|Add0~31       ; out0             ;
; |contadorHMS|divSegundo:DIVS|Add0~32       ; |contadorHMS|divSegundo:DIVS|Add0~32       ; out0             ;
; |contadorHMS|divSegundo:DIVS|Add0~33       ; |contadorHMS|divSegundo:DIVS|Add0~33       ; out0             ;
; |contadorHMS|divSegundo:DIVS|Add0~34       ; |contadorHMS|divSegundo:DIVS|Add0~34       ; out0             ;
; |contadorHMS|divSegundo:DIVS|Add0~35       ; |contadorHMS|divSegundo:DIVS|Add0~35       ; out0             ;
; |contadorHMS|divSegundo:DIVS|Add0~36       ; |contadorHMS|divSegundo:DIVS|Add0~36       ; out0             ;
; |contadorHMS|divSegundo:DIVS|Add0~37       ; |contadorHMS|divSegundo:DIVS|Add0~37       ; out0             ;
; |contadorHMS|divSegundo:DIVS|Add0~38       ; |contadorHMS|divSegundo:DIVS|Add0~38       ; out0             ;
; |contadorHMS|divSegundo:DIVS|Add0~39       ; |contadorHMS|divSegundo:DIVS|Add0~39       ; out0             ;
; |contadorHMS|divSegundo:DIVS|Add0~40       ; |contadorHMS|divSegundo:DIVS|Add0~40       ; out0             ;
; |contadorHMS|divSegundo:DIVS|Add0~41       ; |contadorHMS|divSegundo:DIVS|Add0~41       ; out0             ;
; |contadorHMS|divSegundo:DIVS|Add0~42       ; |contadorHMS|divSegundo:DIVS|Add0~42       ; out0             ;
; |contadorHMS|divSegundo:DIVS|Add0~43       ; |contadorHMS|divSegundo:DIVS|Add0~43       ; out0             ;
; |contadorHMS|divSegundo:DIVS|Add0~44       ; |contadorHMS|divSegundo:DIVS|Add0~44       ; out0             ;
; |contadorHMS|divSegundo:DIVS|Add0~45       ; |contadorHMS|divSegundo:DIVS|Add0~45       ; out0             ;
; |contadorHMS|divSegundo:DIVS|Add0~46       ; |contadorHMS|divSegundo:DIVS|Add0~46       ; out0             ;
; |contadorHMS|divSegundo:DIVS|Add0~47       ; |contadorHMS|divSegundo:DIVS|Add0~47       ; out0             ;
; |contadorHMS|divSegundo:DIVS|Add0~48       ; |contadorHMS|divSegundo:DIVS|Add0~48       ; out0             ;
; |contadorHMS|divHora:DIVH|Equal0~0         ; |contadorHMS|divHora:DIVH|Equal0~0         ; out0             ;
; |contadorHMS|divMinuto:DIVM|Equal0~0       ; |contadorHMS|divMinuto:DIVM|Equal0~0       ; out0             ;
; |contadorHMS|divSegundo:DIVS|Equal0~0      ; |contadorHMS|divSegundo:DIVS|Equal0~0      ; out0             ;
+--------------------------------------------+--------------------------------------------+------------------+


The following table displays output ports that do not toggle to 0 during simulation.
+------------------------------------------------------------------------------------------------------------+
; Missing 0-Value Coverage                                                                                   ;
+--------------------------------------------+--------------------------------------------+------------------+
; Node Name                                  ; Output Port Name                           ; Output Port Type ;
+--------------------------------------------+--------------------------------------------+------------------+
; |contadorHMS|stopS~0                       ; |contadorHMS|stopS~0                       ; out0             ;
; |contadorHMS|stopS~1                       ; |contadorHMS|stopS~1                       ; out0             ;
; |contadorHMS|stopS~2                       ; |contadorHMS|stopS~2                       ; out0             ;
; |contadorHMS|stopS~3                       ; |contadorHMS|stopS~3                       ; out0             ;
; |contadorHMS|stopS                         ; |contadorHMS|stopS                         ; out0             ;
; |contadorHMS|stopM~0                       ; |contadorHMS|stopM~0                       ; out0             ;
; |contadorHMS|stopM~1                       ; |contadorHMS|stopM~1                       ; out0             ;
; |contadorHMS|stopM~2                       ; |contadorHMS|stopM~2                       ; out0             ;
; |contadorHMS|stopM~3                       ; |contadorHMS|stopM~3                       ; out0             ;
; |contadorHMS|stopM                         ; |contadorHMS|stopM                         ; out0             ;
; |contadorHMS|stopH~0                       ; |contadorHMS|stopH~0                       ; out0             ;
; |contadorHMS|stopH~1                       ; |contadorHMS|stopH~1                       ; out0             ;
; |contadorHMS|stopH~2                       ; |contadorHMS|stopH~2                       ; out0             ;
; |contadorHMS|stopH                         ; |contadorHMS|stopH                         ; out0             ;
; |contadorHMS|outS[0]                       ; |contadorHMS|outS[0]                       ; pin_out          ;
; |contadorHMS|outS[1]                       ; |contadorHMS|outS[1]                       ; pin_out          ;
; |contadorHMS|outS[2]                       ; |contadorHMS|outS[2]                       ; pin_out          ;
; |contadorHMS|outS[3]                       ; |contadorHMS|outS[3]                       ; pin_out          ;
; |contadorHMS|outS[4]                       ; |contadorHMS|outS[4]                       ; pin_out          ;
; |contadorHMS|outS[5]                       ; |contadorHMS|outS[5]                       ; pin_out          ;
; |contadorHMS|outM[0]                       ; |contadorHMS|outM[0]                       ; pin_out          ;
; |contadorHMS|outM[1]                       ; |contadorHMS|outM[1]                       ; pin_out          ;
; |contadorHMS|outM[2]                       ; |contadorHMS|outM[2]                       ; pin_out          ;
; |contadorHMS|outM[3]                       ; |contadorHMS|outM[3]                       ; pin_out          ;
; |contadorHMS|outM[4]                       ; |contadorHMS|outM[4]                       ; pin_out          ;
; |contadorHMS|outM[5]                       ; |contadorHMS|outM[5]                       ; pin_out          ;
; |contadorHMS|outH[0]                       ; |contadorHMS|outH[0]                       ; pin_out          ;
; |contadorHMS|outH[1]                       ; |contadorHMS|outH[1]                       ; pin_out          ;
; |contadorHMS|outH[2]                       ; |contadorHMS|outH[2]                       ; pin_out          ;
; |contadorHMS|outH[3]                       ; |contadorHMS|outH[3]                       ; pin_out          ;
; |contadorHMS|outH[4]                       ; |contadorHMS|outH[4]                       ; pin_out          ;
; |contadorHMS|ffjk:FF4H|qsignal             ; |contadorHMS|ffjk:FF4H|qsignal             ; regout           ;
; |contadorHMS|ffjk:FF3H|qsignal             ; |contadorHMS|ffjk:FF3H|qsignal             ; regout           ;
; |contadorHMS|ffjk:FF2H|qsignal             ; |contadorHMS|ffjk:FF2H|qsignal             ; regout           ;
; |contadorHMS|ffjk:FF1H|qsignal             ; |contadorHMS|ffjk:FF1H|qsignal             ; regout           ;
; |contadorHMS|ffjk:FF0H|qsignal             ; |contadorHMS|ffjk:FF0H|qsignal             ; regout           ;
; |contadorHMS|divHora:DIVH|contMinuto[0]    ; |contadorHMS|divHora:DIVH|contMinuto[0]    ; regout           ;
; |contadorHMS|divHora:DIVH|umHora           ; |contadorHMS|divHora:DIVH|umHora           ; regout           ;
; |contadorHMS|divHora:DIVH|contMinuto~0     ; |contadorHMS|divHora:DIVH|contMinuto~0     ; out              ;
; |contadorHMS|divHora:DIVH|contMinuto~1     ; |contadorHMS|divHora:DIVH|contMinuto~1     ; out              ;
; |contadorHMS|divHora:DIVH|contMinuto~2     ; |contadorHMS|divHora:DIVH|contMinuto~2     ; out              ;
; |contadorHMS|divHora:DIVH|contMinuto~3     ; |contadorHMS|divHora:DIVH|contMinuto~3     ; out              ;
; |contadorHMS|divHora:DIVH|contMinuto~4     ; |contadorHMS|divHora:DIVH|contMinuto~4     ; out              ;
; |contadorHMS|divHora:DIVH|contMinuto~5     ; |contadorHMS|divHora:DIVH|contMinuto~5     ; out              ;
; |contadorHMS|divHora:DIVH|contMinuto[1]    ; |contadorHMS|divHora:DIVH|contMinuto[1]    ; regout           ;
; |contadorHMS|divHora:DIVH|contMinuto[2]    ; |contadorHMS|divHora:DIVH|contMinuto[2]    ; regout           ;
; |contadorHMS|divHora:DIVH|contMinuto[3]    ; |contadorHMS|divHora:DIVH|contMinuto[3]    ; regout           ;
; |contadorHMS|divHora:DIVH|contMinuto[4]    ; |contadorHMS|divHora:DIVH|contMinuto[4]    ; regout           ;
; |contadorHMS|divHora:DIVH|contMinuto[5]    ; |contadorHMS|divHora:DIVH|contMinuto[5]    ; regout           ;
; |contadorHMS|ffjk:FF5M|qsignal             ; |contadorHMS|ffjk:FF5M|qsignal             ; regout           ;
; |contadorHMS|ffjk:FF4M|qsignal             ; |contadorHMS|ffjk:FF4M|qsignal             ; regout           ;
; |contadorHMS|ffjk:FF3M|qsignal             ; |contadorHMS|ffjk:FF3M|qsignal             ; regout           ;
; |contadorHMS|ffjk:FF2M|qsignal             ; |contadorHMS|ffjk:FF2M|qsignal             ; regout           ;
; |contadorHMS|ffjk:FF1M|qsignal             ; |contadorHMS|ffjk:FF1M|qsignal             ; regout           ;
; |contadorHMS|ffjk:FF0M|qsignal             ; |contadorHMS|ffjk:FF0M|qsignal             ; regout           ;
; |contadorHMS|divMinuto:DIVM|contSegundo[0] ; |contadorHMS|divMinuto:DIVM|contSegundo[0] ; regout           ;
; |contadorHMS|divMinuto:DIVM|umMinuto       ; |contadorHMS|divMinuto:DIVM|umMinuto       ; regout           ;
; |contadorHMS|divMinuto:DIVM|contSegundo~0  ; |contadorHMS|divMinuto:DIVM|contSegundo~0  ; out              ;
; |contadorHMS|divMinuto:DIVM|contSegundo~1  ; |contadorHMS|divMinuto:DIVM|contSegundo~1  ; out              ;
; |contadorHMS|divMinuto:DIVM|contSegundo~2  ; |contadorHMS|divMinuto:DIVM|contSegundo~2  ; out              ;
; |contadorHMS|divMinuto:DIVM|contSegundo~3  ; |contadorHMS|divMinuto:DIVM|contSegundo~3  ; out              ;
; |contadorHMS|divMinuto:DIVM|contSegundo~4  ; |contadorHMS|divMinuto:DIVM|contSegundo~4  ; out              ;
; |contadorHMS|divMinuto:DIVM|contSegundo~5  ; |contadorHMS|divMinuto:DIVM|contSegundo~5  ; out              ;
; |contadorHMS|divMinuto:DIVM|contSegundo[1] ; |contadorHMS|divMinuto:DIVM|contSegundo[1] ; regout           ;
; |contadorHMS|divMinuto:DIVM|contSegundo[2] ; |contadorHMS|divMinuto:DIVM|contSegundo[2] ; regout           ;
; |contadorHMS|divMinuto:DIVM|contSegundo[3] ; |contadorHMS|divMinuto:DIVM|contSegundo[3] ; regout           ;
; |contadorHMS|divMinuto:DIVM|contSegundo[4] ; |contadorHMS|divMinuto:DIVM|contSegundo[4] ; regout           ;
; |contadorHMS|divMinuto:DIVM|contSegundo[5] ; |contadorHMS|divMinuto:DIVM|contSegundo[5] ; regout           ;
; |contadorHMS|ffjk:FF5S|qsignal             ; |contadorHMS|ffjk:FF5S|qsignal             ; regout           ;
; |contadorHMS|ffjk:FF4S|qsignal             ; |contadorHMS|ffjk:FF4S|qsignal             ; regout           ;
; |contadorHMS|ffjk:FF3S|qsignal             ; |contadorHMS|ffjk:FF3S|qsignal             ; regout           ;
; |contadorHMS|ffjk:FF2S|qsignal             ; |contadorHMS|ffjk:FF2S|qsignal             ; regout           ;
; |contadorHMS|ffjk:FF1S|qsignal             ; |contadorHMS|ffjk:FF1S|qsignal             ; regout           ;
; |contadorHMS|ffjk:FF0S|qsignal             ; |contadorHMS|ffjk:FF0S|qsignal             ; regout           ;
; |contadorHMS|divSegundo:DIVS|umSegundo     ; |contadorHMS|divSegundo:DIVS|umSegundo     ; regout           ;
; |contadorHMS|divSegundo:DIVS|cont~0        ; |contadorHMS|divSegundo:DIVS|cont~0        ; out              ;
; |contadorHMS|divSegundo:DIVS|cont~1        ; |contadorHMS|divSegundo:DIVS|cont~1        ; out              ;
; |contadorHMS|divSegundo:DIVS|cont~2        ; |contadorHMS|divSegundo:DIVS|cont~2        ; out              ;
; |contadorHMS|divSegundo:DIVS|cont~3        ; |contadorHMS|divSegundo:DIVS|cont~3        ; out              ;
; |contadorHMS|divSegundo:DIVS|cont~4        ; |contadorHMS|divSegundo:DIVS|cont~4        ; out              ;
; |contadorHMS|divSegundo:DIVS|cont~5        ; |contadorHMS|divSegundo:DIVS|cont~5        ; out              ;
; |contadorHMS|divSegundo:DIVS|cont~6        ; |contadorHMS|divSegundo:DIVS|cont~6        ; out              ;
; |contadorHMS|divSegundo:DIVS|cont~7        ; |contadorHMS|divSegundo:DIVS|cont~7        ; out              ;
; |contadorHMS|divSegundo:DIVS|cont~8        ; |contadorHMS|divSegundo:DIVS|cont~8        ; out              ;
; |contadorHMS|divSegundo:DIVS|cont[16]      ; |contadorHMS|divSegundo:DIVS|cont[16]      ; regout           ;
; |contadorHMS|divSegundo:DIVS|cont[17]      ; |contadorHMS|divSegundo:DIVS|cont[17]      ; regout           ;
; |contadorHMS|divSegundo:DIVS|cont[18]      ; |contadorHMS|divSegundo:DIVS|cont[18]      ; regout           ;
; |contadorHMS|divSegundo:DIVS|cont[19]      ; |contadorHMS|divSegundo:DIVS|cont[19]      ; regout           ;
; |contadorHMS|divSegundo:DIVS|cont[20]      ; |contadorHMS|divSegundo:DIVS|cont[20]      ; regout           ;
; |contadorHMS|divSegundo:DIVS|cont[21]      ; |contadorHMS|divSegundo:DIVS|cont[21]      ; regout           ;
; |contadorHMS|divSegundo:DIVS|cont[22]      ; |contadorHMS|divSegundo:DIVS|cont[22]      ; regout           ;
; |contadorHMS|divSegundo:DIVS|cont[23]      ; |contadorHMS|divSegundo:DIVS|cont[23]      ; regout           ;
; |contadorHMS|divSegundo:DIVS|cont[24]      ; |contadorHMS|divSegundo:DIVS|cont[24]      ; regout           ;
; |contadorHMS|divSegundo:DIVS|cont[25]      ; |contadorHMS|divSegundo:DIVS|cont[25]      ; regout           ;
; |contadorHMS|divHora:DIVH|Add0~0           ; |contadorHMS|divHora:DIVH|Add0~0           ; out0             ;
; |contadorHMS|divHora:DIVH|Add0~1           ; |contadorHMS|divHora:DIVH|Add0~1           ; out0             ;
; |contadorHMS|divHora:DIVH|Add0~2           ; |contadorHMS|divHora:DIVH|Add0~2           ; out0             ;
; |contadorHMS|divHora:DIVH|Add0~3           ; |contadorHMS|divHora:DIVH|Add0~3           ; out0             ;
; |contadorHMS|divHora:DIVH|Add0~4           ; |contadorHMS|divHora:DIVH|Add0~4           ; out0             ;
; |contadorHMS|divHora:DIVH|Add0~5           ; |contadorHMS|divHora:DIVH|Add0~5           ; out0             ;
; |contadorHMS|divHora:DIVH|Add0~6           ; |contadorHMS|divHora:DIVH|Add0~6           ; out0             ;
; |contadorHMS|divHora:DIVH|Add0~7           ; |contadorHMS|divHora:DIVH|Add0~7           ; out0             ;
; |contadorHMS|divHora:DIVH|Add0~8           ; |contadorHMS|divHora:DIVH|Add0~8           ; out0             ;
; |contadorHMS|divMinuto:DIVM|Add0~0         ; |contadorHMS|divMinuto:DIVM|Add0~0         ; out0             ;
; |contadorHMS|divMinuto:DIVM|Add0~1         ; |contadorHMS|divMinuto:DIVM|Add0~1         ; out0             ;
; |contadorHMS|divMinuto:DIVM|Add0~2         ; |contadorHMS|divMinuto:DIVM|Add0~2         ; out0             ;
; |contadorHMS|divMinuto:DIVM|Add0~3         ; |contadorHMS|divMinuto:DIVM|Add0~3         ; out0             ;
; |contadorHMS|divMinuto:DIVM|Add0~4         ; |contadorHMS|divMinuto:DIVM|Add0~4         ; out0             ;
; |contadorHMS|divMinuto:DIVM|Add0~5         ; |contadorHMS|divMinuto:DIVM|Add0~5         ; out0             ;
; |contadorHMS|divMinuto:DIVM|Add0~6         ; |contadorHMS|divMinuto:DIVM|Add0~6         ; out0             ;
; |contadorHMS|divMinuto:DIVM|Add0~7         ; |contadorHMS|divMinuto:DIVM|Add0~7         ; out0             ;
; |contadorHMS|divMinuto:DIVM|Add0~8         ; |contadorHMS|divMinuto:DIVM|Add0~8         ; out0             ;
; |contadorHMS|divSegundo:DIVS|Add0~31       ; |contadorHMS|divSegundo:DIVS|Add0~31       ; out0             ;
; |contadorHMS|divSegundo:DIVS|Add0~32       ; |contadorHMS|divSegundo:DIVS|Add0~32       ; out0             ;
; |contadorHMS|divSegundo:DIVS|Add0~33       ; |contadorHMS|divSegundo:DIVS|Add0~33       ; out0             ;
; |contadorHMS|divSegundo:DIVS|Add0~34       ; |contadorHMS|divSegundo:DIVS|Add0~34       ; out0             ;
; |contadorHMS|divSegundo:DIVS|Add0~35       ; |contadorHMS|divSegundo:DIVS|Add0~35       ; out0             ;
; |contadorHMS|divSegundo:DIVS|Add0~36       ; |contadorHMS|divSegundo:DIVS|Add0~36       ; out0             ;
; |contadorHMS|divSegundo:DIVS|Add0~37       ; |contadorHMS|divSegundo:DIVS|Add0~37       ; out0             ;
; |contadorHMS|divSegundo:DIVS|Add0~38       ; |contadorHMS|divSegundo:DIVS|Add0~38       ; out0             ;
; |contadorHMS|divSegundo:DIVS|Add0~39       ; |contadorHMS|divSegundo:DIVS|Add0~39       ; out0             ;
; |contadorHMS|divSegundo:DIVS|Add0~40       ; |contadorHMS|divSegundo:DIVS|Add0~40       ; out0             ;
; |contadorHMS|divSegundo:DIVS|Add0~41       ; |contadorHMS|divSegundo:DIVS|Add0~41       ; out0             ;
; |contadorHMS|divSegundo:DIVS|Add0~42       ; |contadorHMS|divSegundo:DIVS|Add0~42       ; out0             ;
; |contadorHMS|divSegundo:DIVS|Add0~43       ; |contadorHMS|divSegundo:DIVS|Add0~43       ; out0             ;
; |contadorHMS|divSegundo:DIVS|Add0~44       ; |contadorHMS|divSegundo:DIVS|Add0~44       ; out0             ;
; |contadorHMS|divSegundo:DIVS|Add0~45       ; |contadorHMS|divSegundo:DIVS|Add0~45       ; out0             ;
; |contadorHMS|divSegundo:DIVS|Add0~46       ; |contadorHMS|divSegundo:DIVS|Add0~46       ; out0             ;
; |contadorHMS|divSegundo:DIVS|Add0~47       ; |contadorHMS|divSegundo:DIVS|Add0~47       ; out0             ;
; |contadorHMS|divSegundo:DIVS|Add0~48       ; |contadorHMS|divSegundo:DIVS|Add0~48       ; out0             ;
; |contadorHMS|divHora:DIVH|Equal0~0         ; |contadorHMS|divHora:DIVH|Equal0~0         ; out0             ;
; |contadorHMS|divMinuto:DIVM|Equal0~0       ; |contadorHMS|divMinuto:DIVM|Equal0~0       ; out0             ;
; |contadorHMS|divSegundo:DIVS|Equal0~0      ; |contadorHMS|divSegundo:DIVS|Equal0~0      ; out0             ;
+--------------------------------------------+--------------------------------------------+------------------+


+---------------------+
; Simulator INI Usage ;
+--------+------------+
; Option ; Usage      ;
+--------+------------+


+--------------------+
; Simulator Messages ;
+--------------------+
Info: *******************************************************************
Info: Running Quartus II 64-Bit Simulator
    Info: Version 13.0.0 Build 156 04/24/2013 SJ Web Edition
    Info: Processing started: Fri Jun 01 18:40:03 2018
Info: Command: quartus_sim --simulation_results_format=VWF contadorHMS -c contadorHMS
Info (324025): Using vector source file "C:/Users/Hemerson/Documents/FPGA/contadorHMS/Waveform5.vwf"
Info (310003): Option to preserve fewer signal transitions to reduce memory requirements is enabled
    Info (310004): Simulation has been partitioned into sub-simulations according to the maximum transition count determined by the engine. Transitions from memory will be flushed out to disk at the end of each sub-simulation to reduce memory requirements.
Info (310002): Simulation partitioned into 1 sub-simulations
Info (328053): Simulation coverage is      32.83 %
Info (328052): Number of transitions in simulation is 1444289
Info (324045): Vector file contadorHMS.sim.vwf is saved in VWF text format. You can compress it into CVWF format in order to reduce file size. For more details please refer to the Quartus II Help.
Info: Quartus II 64-Bit Simulator was successful. 0 errors, 0 warnings
    Info: Peak virtual memory: 4461 megabytes
    Info: Processing ended: Fri Jun 01 18:40:15 2018
    Info: Elapsed time: 00:00:12
    Info: Total CPU time (on all processors): 00:00:13


