------------------------------------------------------------
TimeQuest Timing Analyzer Summary
------------------------------------------------------------

Type  : Slow Model Setup 'clockOutDF'
Slack : -8.108
TNS   : -214.100

Type  : Slow Model Setup 'clockIn'
Slack : -4.932
TNS   : -98.787

Type  : Slow Model Hold 'clockIn'
Slack : -2.496
TNS   : -2.496

Type  : Slow Model Hold 'clockOutDF'
Slack : 0.391
TNS   : 0.000

Type  : Slow Model Minimum Pulse Width 'clockIn'
Slack : -1.380
TNS   : -34.380

Type  : Slow Model Minimum Pulse Width 'clockOutDF'
Slack : -0.500
TNS   : -44.000

Type  : Fast Model Setup 'clockOutDF'
Slack : -2.951
TNS   : -69.843

Type  : Fast Model Setup 'clockIn'
Slack : -1.751
TNS   : -29.017

Type  : Fast Model Hold 'clockIn'
Slack : -1.542
TNS   : -1.542

Type  : Fast Model Hold 'clockOutDF'
Slack : 0.215
TNS   : 0.000

Type  : Fast Model Minimum Pulse Width 'clockIn'
Slack : -1.380
TNS   : -34.380

Type  : Fast Model Minimum Pulse Width 'clockOutDF'
Slack : -0.500
TNS   : -44.000

------------------------------------------------------------
